2026-04-19 08:59:41.204 INFO: ===========VERIFYING SETTINGS===========
2026-04-19 08:59:41.204 INFO: Stage Two is activated as start_stage_two was defined
2026-04-19 08:59:41.204 INFO: MACE version: 0.3.15
2026-04-19 08:59:41.204 DEBUG: Configuration: Namespace(config=None, name='mace_mvko', seed=42, work_dir='.', log_dir='/Users/jmsmith1/Documents/Research/code/MD_MLPES/outputs/mace_wB97X_ch_medium_20260418', model_dir='.', checkpoints_dir='/Users/jmsmith1/Documents/Research/code/MD_MLPES/outputs/mace_wB97X_ch_medium_20260418', results_dir='/Users/jmsmith1/Documents/Research/code/MD_MLPES/outputs/mace_wB97X_ch_medium_20260418', downloads_dir='./downloads', device='cpu', default_dtype='float64', distributed=False, launcher='slurm', log_level='INFO', plot=True, plot_frequency=0, plot_interaction_e=False, error_table='PerAtomRMSE', model='MACE', r_max=5.0, radial_type='bessel', num_radial_basis=8, num_cutoff_basis=5, pair_repulsion=False, distance_transform='None', apply_cutoff=True, use_last_readout_only=False, use_embedding_readout=False, interaction='RealAgnosticResidualInteractionBlock', interaction_first='RealAgnosticResidualInteractionBlock', max_ell=3, correlation=3, use_reduced_cg=False, use_so3=False, use_agnostic_product=False, num_interactions=2, MLP_irreps='16x0e', radial_MLP='[64, 64, 64]', hidden_irreps='64x0e + 64x1o', edge_irreps=None, num_channels=64, max_L=1, gate='silu', scaling='rms_forces_scaling', avg_num_neighbors=1, compute_avg_num_neighbors=True, compute_stress=False, compute_forces=True, compute_polarizability=False, compute_atomic_dipole=False, train_file='/Users/jmsmith1/Documents/Research/code/MD_MLPES/outputs/mace_wB97X_ch_medium_20260418/train.xyz', valid_file='/Users/jmsmith1/Documents/Research/code/MD_MLPES/outputs/mace_wB97X_ch_medium_20260418/valid.xyz', valid_fraction=0.1, test_file=None, test_dir=None, multi_processed_test=False, num_workers=0, pin_memory=True, atomic_numbers=None, mean=None, std=None, statistics_file=None, les_arguments=None, E0s='average', pseudolabel_replay=False, pseudolabel_replay_compute_stress=False, foundation_filter_elements=True, heads=None, multiheads_finetuning=True, foundation_head=None, weight_pt_head=1.0, real_pt_data_ratio_threshold=0.1, num_samples_pt=10000, force_mh_ft_lr=False, subselect_pt='random', filter_type_pt='none', allow_random_padding_pt=True, pt_train_file=None, pt_valid_file=None, foundation_model_elements=False, keep_isolated_atoms=False, lora=False, lora_rank=4, lora_alpha=1.0, energy_key='REF_energy', forces_key='REF_forces', virials_key='REF_virials', stress_key='REF_stress', dipole_key='dipole', polarizability_key='polarizability', head_key='head', charges_key='REF_charges', elec_temp_key='elec_temp', total_spin_key='total_spin', total_charge_key='total_charge', embedding_specs=None, skip_evaluate_heads='pt_head', loss='weighted', forces_weight=100.0, swa_forces_weight=100.0, energy_weight=1.0, swa_energy_weight=1000.0, virials_weight=1.0, swa_virials_weight=10.0, stress_weight=1.0, swa_stress_weight=10.0, dipole_weight=1.0, swa_dipole_weight=1.0, swa_polarizability_weight=1.0, polarizability_weight=1.0, config_type_weights='{"Default":1.0}', huber_delta=0.01, optimizer='adam', beta=0.9, beta1_schedulefree=0.9, beta2_schedulefree=0.98, batch_size=10, valid_batch_size=10, lr=0.01, swa_lr=0.001, weight_decay=5e-07, lr_params_factors='{"embedding_lr_factor": 1.0, "interactions_lr_factor": 1.0, "products_lr_factor": 1.0, "readouts_lr_factor": 1.0}', freeze=None, amsgrad=True, scheduler='ReduceLROnPlateau', lr_factor=0.8, scheduler_patience=5, lr_scheduler_gamma=0.9993, swa=True, start_swa=450, lbfgs=False, ema=False, ema_decay=0.99, max_num_epochs=500, patience=2048, foundation_model=None, foundation_model_kwargs='{}', foundation_model_readout=True, eval_interval=2, keep_checkpoints=False, save_all_checkpoints=False, restart_latest=False, save_cpu=False, clip_grad=10.0, dry_run=False, enable_cueq=False, only_cueq=False, enable_oeq=False, wandb=False, wandb_dir=None, wandb_project='', wandb_entity='', wandb_name='', wandb_log_hypers=['num_channels', 'max_L', 'correlation', 'lr', 'swa_lr', 'weight_decay', 'batch_size', 'max_num_epochs', 'start_swa', 'energy_weight', 'forces_weight'], key_specification=KeySpecification(info_keys={'energy': 'REF_energy', 'stress': 'REF_stress', 'virials': 'REF_virials', 'dipole': 'dipole', 'head': 'head', 'elec_temp': 'elec_temp', 'total_charge': 'total_charge', 'polarizability': 'polarizability', 'total_spin': 'total_spin'}, arrays_keys={'forces': 'REF_forces', 'charges': 'REF_charges'}))
2026-04-19 08:59:41.204 INFO: Using CPU
2026-04-19 08:59:41.849 DEBUG: Popen(['git', 'version'], cwd=/Users/jmsmith1/Documents/Research/code/MD_MLPES, stdin=None, shell=False, universal_newlines=False)
2026-04-19 08:59:41.913 DEBUG: Popen(['git', 'version'], cwd=/Users/jmsmith1/Documents/Research/code/MD_MLPES, stdin=None, shell=False, universal_newlines=False)
2026-04-19 08:59:41.941 DEBUG: sys.platform='darwin', git_executable='git'
2026-04-19 08:59:41.944 DEBUG: Popen(['git', 'cat-file', '--batch-check'], cwd=/Users/jmsmith1/Documents/Research/code/MD_MLPES, stdin=<valid stream>, shell=False, universal_newlines=False)
2026-04-19 08:59:41.971 DEBUG: Current Git commit: 654ff97af04039fdaf3d9975ab3b36ee3b7252f0
2026-04-19 08:59:41.972 INFO: ===========LOADING INPUT DATA===========
2026-04-19 08:59:41.972 INFO: Using heads: ['Default']
2026-04-19 08:59:41.972 INFO: Using the key specifications to parse data:
2026-04-19 08:59:41.972 INFO: Default: KeySpecification(info_keys={'energy': 'REF_energy', 'stress': 'REF_stress', 'virials': 'REF_virials', 'dipole': 'dipole', 'head': 'head', 'elec_temp': 'elec_temp', 'total_charge': 'total_charge', 'polarizability': 'polarizability', 'total_spin': 'total_spin'}, arrays_keys={'forces': 'REF_forces', 'charges': 'REF_charges'})
2026-04-19 08:59:41.972 INFO: =============    Processing head Default     ===========
2026-04-19 08:59:41.972 DEBUG: Loading training file: /Users/jmsmith1/Documents/Research/code/MD_MLPES/outputs/mace_wB97X_ch_medium_20260418/train.xyz
2026-04-19 08:59:42.125 INFO: Training set 1/1 [energy: 580, stress: 0, virials: 0, dipole components: 0, head: 580, elec_temp: 0, total_charge: 0, polarizability: 0, total_spin: 0, forces: 580, charges: 0]
2026-04-19 08:59:42.127 INFO: Total Training set [energy: 580, stress: 0, virials: 0, dipole components: 0, head: 580, elec_temp: 0, total_charge: 0, polarizability: 0, total_spin: 0, forces: 580, charges: 0]
2026-04-19 08:59:42.147 INFO: Validation set 1/1 [energy: 100, stress: 0, virials: 0, dipole components: 0, head: 100, elec_temp: 0, total_charge: 0, polarizability: 0, total_spin: 0, forces: 100, charges: 0]
2026-04-19 08:59:42.147 INFO: Total Validation set [energy: 100, stress: 0, virials: 0, dipole components: 0, head: 100, elec_temp: 0, total_charge: 0, polarizability: 0, total_spin: 0, forces: 100, charges: 0]
2026-04-19 08:59:42.147 INFO: Total number of configurations: train=580, valid=100, tests=[],
2026-04-19 08:59:42.148 INFO: Atomic Numbers used: [1, 6, 8]
2026-04-19 08:59:42.148 INFO: Isolated Atomic Energies (E0s) not in training file, using command line argument
2026-04-19 08:59:42.148 INFO: Computing average Atomic Energies using least squares regression
2026-04-19 08:59:42.150 INFO: Atomic Energies used (z: eV) for head Default: {1: -892.7399386045792, 6: -595.1599590697186, 8: -297.57997953485926}
2026-04-19 08:59:42.150 INFO: Processing datasets for head 'Default'
2026-04-19 08:59:42.264 DEBUG: Successfully loaded dataset from ASE files: ['/Users/jmsmith1/Documents/Research/code/MD_MLPES/outputs/mace_wB97X_ch_medium_20260418/train.xyz']
2026-04-19 08:59:42.264 INFO: Combining 1 list datasets for head 'Default'
2026-04-19 08:59:42.278 DEBUG: Successfully loaded validation dataset from ASE files: ['/Users/jmsmith1/Documents/Research/code/MD_MLPES/outputs/mace_wB97X_ch_medium_20260418/valid.xyz']
2026-04-19 08:59:42.278 INFO: Combining 1 list datasets for head 'Default_valid'
2026-04-19 08:59:42.278 INFO: Combined validation datasets for Default
2026-04-19 08:59:42.278 INFO: Head 'Default' training dataset size: 580
2026-04-19 08:59:42.278 INFO: Computing average number of neighbors
2026-04-19 08:59:42.365 INFO: Average number of neighbors: 10.816666666666666
2026-04-19 08:59:42.365 INFO: During training the following quantities will be reported: energy, forces
2026-04-19 08:59:42.365 INFO: ===========MODEL DETAILS===========
2026-04-19 08:59:42.455 INFO: Building model
2026-04-19 08:59:42.455 INFO: Message passing with 64 channels and max_L=1 (64x0e + 64x1o)
2026-04-19 08:59:42.455 INFO: 2 layers, each with correlation order: 3 (body order: 4) and spherical harmonics up to: l=3
2026-04-19 08:59:42.455 INFO: 8 radial and 5 basis functions
2026-04-19 08:59:42.455 INFO: Radial cutoff: 5.0 A (total receptive field for each atom: 10.0 A)
2026-04-19 08:59:42.455 INFO: Distance transform for radial basis functions: None
2026-04-19 08:59:42.455 INFO: Hidden irreps: 64x0e + 64x1o
2026-04-19 08:59:43.236 INFO: ===========OPTIMIZER INFORMATION===========
2026-04-19 08:59:43.236 INFO: Using ADAM as parameter optimizer
2026-04-19 08:59:43.236 INFO: Batch size: 10
2026-04-19 08:59:43.236 INFO: Number of gradient updates: 29000
2026-04-19 08:59:43.236 INFO: Learning rate: 0.01, weight decay: 5e-07
2026-04-19 08:59:43.236 INFO: WeightedEnergyForcesLoss(energy_weight=1.000, forces_weight=100.000)
2026-04-19 08:59:43.237 INFO: === Layer's learning rates ===
2026-04-19 08:59:43.237 INFO: Param group 0: lr = 0.01
2026-04-19 08:59:43.237 INFO: Param group 1: lr = 0.01
2026-04-19 08:59:43.237 INFO: Param group 2: lr = 0.01
2026-04-19 08:59:43.237 INFO: Param group 3: lr = 0.01
2026-04-19 08:59:43.237 INFO: Param group 4: lr = 0.01
2026-04-19 08:59:43.237 INFO: Stage Two (after 450 epochs) with loss function: WeightedEnergyForcesLoss(energy_weight=1000.000, forces_weight=100.000), with energy weight : 1000.0, forces weight : 100.0 and learning rate : 0.001
2026-04-19 08:59:43.284 INFO: Using gradient clipping with tolerance=10.000
2026-04-19 08:59:43.284 INFO: 
2026-04-19 08:59:43.284 INFO: ===========TRAINING===========
2026-04-19 08:59:43.284 INFO: Started training, reporting errors on validation set
2026-04-19 08:59:43.284 INFO: Loss metrics on validation set
2026-04-19 08:59:45.640 INFO: Initial: head: Default, loss=0.21055489, RMSE_E_per_atom=   13.11 meV, RMSE_F=  145.10 meV / A
2026-04-19 09:00:18.516 INFO: Epoch 0: head: Default, loss=0.13410048, RMSE_E_per_atom=  132.80 meV, RMSE_F=  115.04 meV / A
2026-04-19 09:00:18.516 DEBUG: Saving checkpoint: /Users/jmsmith1/Documents/Research/code/MD_MLPES/outputs/mace_wB97X_ch_medium_20260418/mace_mvko_run-42_epoch-0.pt
2026-04-19 09:01:24.495 INFO: Epoch 2: head: Default, loss=0.05122389, RMSE_E_per_atom=  120.20 meV, RMSE_F=   70.55 meV / A
2026-04-19 09:01:24.496 DEBUG: Deleting old checkpoint file: /Users/jmsmith1/Documents/Research/code/MD_MLPES/outputs/mace_wB97X_ch_medium_20260418/mace_mvko_run-42_epoch-0.pt
2026-04-19 09:01:24.496 DEBUG: Saving checkpoint: /Users/jmsmith1/Documents/Research/code/MD_MLPES/outputs/mace_wB97X_ch_medium_20260418/mace_mvko_run-42_epoch-2.pt
2026-04-19 09:02:30.120 INFO: Epoch 4: head: Default, loss=0.04930196, RMSE_E_per_atom=   92.50 meV, RMSE_F=   69.60 meV / A
2026-04-19 09:02:30.120 DEBUG: Deleting old checkpoint file: /Users/jmsmith1/Documents/Research/code/MD_MLPES/outputs/mace_wB97X_ch_medium_20260418/mace_mvko_run-42_epoch-2.pt
2026-04-19 09:02:30.123 DEBUG: Saving checkpoint: /Users/jmsmith1/Documents/Research/code/MD_MLPES/outputs/mace_wB97X_ch_medium_20260418/mace_mvko_run-42_epoch-4.pt
2026-04-19 09:03:36.934 INFO: Epoch 6: head: Default, loss=0.04925921, RMSE_E_per_atom=   95.15 meV, RMSE_F=   69.54 meV / A
2026-04-19 09:03:36.934 DEBUG: Deleting old checkpoint file: /Users/jmsmith1/Documents/Research/code/MD_MLPES/outputs/mace_wB97X_ch_medium_20260418/mace_mvko_run-42_epoch-4.pt
2026-04-19 09:03:36.935 DEBUG: Saving checkpoint: /Users/jmsmith1/Documents/Research/code/MD_MLPES/outputs/mace_wB97X_ch_medium_20260418/mace_mvko_run-42_epoch-6.pt
2026-04-19 09:04:43.726 INFO: Epoch 8: head: Default, loss=0.05363165, RMSE_E_per_atom=   73.43 meV, RMSE_F=   72.86 meV / A
2026-04-19 09:05:52.062 INFO: Epoch 10: head: Default, loss=0.04873094, RMSE_E_per_atom=   69.12 meV, RMSE_F=   69.46 meV / A
2026-04-19 09:05:52.062 DEBUG: Deleting old checkpoint file: /Users/jmsmith1/Documents/Research/code/MD_MLPES/outputs/mace_wB97X_ch_medium_20260418/mace_mvko_run-42_epoch-6.pt
2026-04-19 09:05:52.063 DEBUG: Saving checkpoint: /Users/jmsmith1/Documents/Research/code/MD_MLPES/outputs/mace_wB97X_ch_medium_20260418/mace_mvko_run-42_epoch-10.pt
2026-04-19 09:07:00.031 INFO: Epoch 12: head: Default, loss=0.04970529, RMSE_E_per_atom=   74.88 meV, RMSE_F=   70.10 meV / A
2026-04-19 09:08:03.616 INFO: Epoch 14: head: Default, loss=0.04566549, RMSE_E_per_atom=   70.35 meV, RMSE_F=   67.21 meV / A
2026-04-19 09:08:03.616 DEBUG: Deleting old checkpoint file: /Users/jmsmith1/Documents/Research/code/MD_MLPES/outputs/mace_wB97X_ch_medium_20260418/mace_mvko_run-42_epoch-10.pt
2026-04-19 09:08:03.617 DEBUG: Saving checkpoint: /Users/jmsmith1/Documents/Research/code/MD_MLPES/outputs/mace_wB97X_ch_medium_20260418/mace_mvko_run-42_epoch-14.pt
2026-04-19 09:09:06.682 INFO: Epoch 16: head: Default, loss=0.04328345, RMSE_E_per_atom=   64.73 meV, RMSE_F=   65.47 meV / A
2026-04-19 09:09:06.682 DEBUG: Deleting old checkpoint file: /Users/jmsmith1/Documents/Research/code/MD_MLPES/outputs/mace_wB97X_ch_medium_20260418/mace_mvko_run-42_epoch-14.pt
2026-04-19 09:09:06.683 DEBUG: Saving checkpoint: /Users/jmsmith1/Documents/Research/code/MD_MLPES/outputs/mace_wB97X_ch_medium_20260418/mace_mvko_run-42_epoch-16.pt
2026-04-19 09:10:13.856 INFO: Epoch 18: head: Default, loss=0.04105257, RMSE_E_per_atom=   37.49 meV, RMSE_F=   63.96 meV / A
2026-04-19 09:10:13.856 DEBUG: Deleting old checkpoint file: /Users/jmsmith1/Documents/Research/code/MD_MLPES/outputs/mace_wB97X_ch_medium_20260418/mace_mvko_run-42_epoch-16.pt
2026-04-19 09:10:13.857 DEBUG: Saving checkpoint: /Users/jmsmith1/Documents/Research/code/MD_MLPES/outputs/mace_wB97X_ch_medium_20260418/mace_mvko_run-42_epoch-18.pt
2026-04-19 09:11:20.130 INFO: Epoch 20: head: Default, loss=0.04510352, RMSE_E_per_atom=   64.91 meV, RMSE_F=   66.84 meV / A
2026-04-19 09:12:26.501 INFO: Epoch 22: head: Default, loss=0.05360958, RMSE_E_per_atom=   60.83 meV, RMSE_F=   72.97 meV / A
2026-04-19 09:13:30.810 INFO: Epoch 24: head: Default, loss=0.04608430, RMSE_E_per_atom=   41.98 meV, RMSE_F=   67.76 meV / A
2026-04-19 09:14:33.633 INFO: Epoch 26: head: Default, loss=0.04185519, RMSE_E_per_atom=   55.46 meV, RMSE_F=   64.46 meV / A
2026-04-19 09:15:36.271 INFO: Epoch 28: head: Default, loss=0.04812593, RMSE_E_per_atom=   53.44 meV, RMSE_F=   69.17 meV / A
2026-04-19 09:16:38.073 INFO: Epoch 30: head: Default, loss=0.04024265, RMSE_E_per_atom=   54.43 meV, RMSE_F=   63.20 meV / A
2026-04-19 09:16:38.073 DEBUG: Deleting old checkpoint file: /Users/jmsmith1/Documents/Research/code/MD_MLPES/outputs/mace_wB97X_ch_medium_20260418/mace_mvko_run-42_epoch-18.pt
2026-04-19 09:16:38.074 DEBUG: Saving checkpoint: /Users/jmsmith1/Documents/Research/code/MD_MLPES/outputs/mace_wB97X_ch_medium_20260418/mace_mvko_run-42_epoch-30.pt
2026-04-19 09:17:40.897 INFO: Epoch 32: head: Default, loss=0.03681022, RMSE_E_per_atom=   51.00 meV, RMSE_F=   60.46 meV / A
2026-04-19 09:17:40.897 DEBUG: Deleting old checkpoint file: /Users/jmsmith1/Documents/Research/code/MD_MLPES/outputs/mace_wB97X_ch_medium_20260418/mace_mvko_run-42_epoch-30.pt
2026-04-19 09:17:40.898 DEBUG: Saving checkpoint: /Users/jmsmith1/Documents/Research/code/MD_MLPES/outputs/mace_wB97X_ch_medium_20260418/mace_mvko_run-42_epoch-32.pt
2026-04-19 09:18:43.673 INFO: Epoch 34: head: Default, loss=0.04247239, RMSE_E_per_atom=   51.03 meV, RMSE_F=   64.97 meV / A
2026-04-19 09:19:45.995 INFO: Epoch 36: head: Default, loss=0.04218303, RMSE_E_per_atom=   62.39 meV, RMSE_F=   64.65 meV / A
2026-04-19 09:20:50.073 INFO: Epoch 38: head: Default, loss=0.04359379, RMSE_E_per_atom=   50.27 meV, RMSE_F=   65.83 meV / A
2026-04-19 09:21:53.671 INFO: Epoch 40: head: Default, loss=0.04162901, RMSE_E_per_atom=   54.09 meV, RMSE_F=   64.29 meV / A
2026-04-19 09:22:55.766 INFO: Epoch 42: head: Default, loss=0.03882980, RMSE_E_per_atom=   50.13 meV, RMSE_F=   62.11 meV / A
2026-04-19 09:23:59.600 INFO: Epoch 44: head: Default, loss=0.03682674, RMSE_E_per_atom=   49.06 meV, RMSE_F=   60.49 meV / A
2026-04-19 09:25:03.138 INFO: Epoch 46: head: Default, loss=0.03878037, RMSE_E_per_atom=   43.69 meV, RMSE_F=   62.12 meV / A
2026-04-19 09:26:05.195 INFO: Epoch 48: head: Default, loss=0.03730985, RMSE_E_per_atom=   48.01 meV, RMSE_F=   60.89 meV / A
2026-04-19 09:27:07.132 INFO: Epoch 50: head: Default, loss=0.03829873, RMSE_E_per_atom=   39.81 meV, RMSE_F=   61.76 meV / A
2026-04-19 09:28:09.765 INFO: Epoch 52: head: Default, loss=0.03674792, RMSE_E_per_atom=   40.30 meV, RMSE_F=   60.49 meV / A
2026-04-19 09:28:09.765 DEBUG: Deleting old checkpoint file: /Users/jmsmith1/Documents/Research/code/MD_MLPES/outputs/mace_wB97X_ch_medium_20260418/mace_mvko_run-42_epoch-32.pt
2026-04-19 09:28:09.766 DEBUG: Saving checkpoint: /Users/jmsmith1/Documents/Research/code/MD_MLPES/outputs/mace_wB97X_ch_medium_20260418/mace_mvko_run-42_epoch-52.pt
2026-04-19 09:29:12.155 INFO: Epoch 54: head: Default, loss=0.04448625, RMSE_E_per_atom=   44.09 meV, RMSE_F=   66.55 meV / A
2026-04-19 09:30:14.453 INFO: Epoch 56: head: Default, loss=0.03860571, RMSE_E_per_atom=   38.30 meV, RMSE_F=   62.02 meV / A
2026-04-19 09:31:16.637 INFO: Epoch 58: head: Default, loss=0.04353111, RMSE_E_per_atom=   32.66 meV, RMSE_F=   65.90 meV / A
2026-04-19 09:32:19.204 INFO: Epoch 60: head: Default, loss=0.04295401, RMSE_E_per_atom=   40.77 meV, RMSE_F=   65.41 meV / A
2026-04-19 09:33:22.291 INFO: Epoch 62: head: Default, loss=0.03808968, RMSE_E_per_atom=   33.31 meV, RMSE_F=   61.63 meV / A
2026-04-19 09:34:24.405 INFO: Epoch 64: head: Default, loss=0.03682175, RMSE_E_per_atom=   35.42 meV, RMSE_F=   60.58 meV / A
2026-04-19 09:35:26.865 INFO: Epoch 66: head: Default, loss=0.03612669, RMSE_E_per_atom=   30.30 meV, RMSE_F=   60.03 meV / A
2026-04-19 09:35:26.866 DEBUG: Deleting old checkpoint file: /Users/jmsmith1/Documents/Research/code/MD_MLPES/outputs/mace_wB97X_ch_medium_20260418/mace_mvko_run-42_epoch-52.pt
2026-04-19 09:35:26.867 DEBUG: Saving checkpoint: /Users/jmsmith1/Documents/Research/code/MD_MLPES/outputs/mace_wB97X_ch_medium_20260418/mace_mvko_run-42_epoch-66.pt
2026-04-19 09:36:29.429 INFO: Epoch 68: head: Default, loss=0.03663526, RMSE_E_per_atom=   29.07 meV, RMSE_F=   60.46 meV / A
2026-04-19 09:37:32.050 INFO: Epoch 70: head: Default, loss=0.03788105, RMSE_E_per_atom=   28.85 meV, RMSE_F=   61.48 meV / A
2026-04-19 09:38:34.904 INFO: Epoch 72: head: Default, loss=0.03686858, RMSE_E_per_atom=   33.05 meV, RMSE_F=   60.63 meV / A
2026-04-19 09:39:37.458 INFO: Epoch 74: head: Default, loss=0.04056605, RMSE_E_per_atom=   33.17 meV, RMSE_F=   63.61 meV / A
2026-04-19 09:40:39.934 INFO: Epoch 76: head: Default, loss=0.03681387, RMSE_E_per_atom=   30.09 meV, RMSE_F=   60.60 meV / A
2026-04-19 09:41:42.093 INFO: Epoch 78: head: Default, loss=0.03603094, RMSE_E_per_atom=   28.83 meV, RMSE_F=   59.96 meV / A
2026-04-19 09:41:42.094 DEBUG: Deleting old checkpoint file: /Users/jmsmith1/Documents/Research/code/MD_MLPES/outputs/mace_wB97X_ch_medium_20260418/mace_mvko_run-42_epoch-66.pt
2026-04-19 09:41:42.094 DEBUG: Saving checkpoint: /Users/jmsmith1/Documents/Research/code/MD_MLPES/outputs/mace_wB97X_ch_medium_20260418/mace_mvko_run-42_epoch-78.pt
2026-04-19 09:42:44.480 INFO: Epoch 80: head: Default, loss=0.03837391, RMSE_E_per_atom=   25.86 meV, RMSE_F=   61.89 meV / A
2026-04-19 09:43:46.638 INFO: Epoch 82: head: Default, loss=0.04053418, RMSE_E_per_atom=   28.87 meV, RMSE_F=   63.60 meV / A
2026-04-19 09:44:48.823 INFO: Epoch 84: head: Default, loss=0.03519061, RMSE_E_per_atom=   27.71 meV, RMSE_F=   59.26 meV / A
2026-04-19 09:44:48.823 DEBUG: Deleting old checkpoint file: /Users/jmsmith1/Documents/Research/code/MD_MLPES/outputs/mace_wB97X_ch_medium_20260418/mace_mvko_run-42_epoch-78.pt
2026-04-19 09:44:48.824 DEBUG: Saving checkpoint: /Users/jmsmith1/Documents/Research/code/MD_MLPES/outputs/mace_wB97X_ch_medium_20260418/mace_mvko_run-42_epoch-84.pt
2026-04-19 09:45:51.528 INFO: Epoch 86: head: Default, loss=0.03731754, RMSE_E_per_atom=   27.58 meV, RMSE_F=   61.03 meV / A
2026-04-19 09:46:53.795 INFO: Epoch 88: head: Default, loss=0.03895307, RMSE_E_per_atom=   28.63 meV, RMSE_F=   62.35 meV / A
2026-04-19 09:47:56.284 INFO: Epoch 90: head: Default, loss=0.03874276, RMSE_E_per_atom=   26.22 meV, RMSE_F=   62.19 meV / A
2026-04-19 09:48:58.294 INFO: Epoch 92: head: Default, loss=0.03666705, RMSE_E_per_atom=   26.51 meV, RMSE_F=   60.50 meV / A
2026-04-19 09:50:00.446 INFO: Epoch 94: head: Default, loss=0.03610478, RMSE_E_per_atom=   23.73 meV, RMSE_F=   60.04 meV / A
2026-04-19 09:51:02.917 INFO: Epoch 96: head: Default, loss=0.03451740, RMSE_E_per_atom=   24.02 meV, RMSE_F=   58.70 meV / A
2026-04-19 09:51:02.918 DEBUG: Deleting old checkpoint file: /Users/jmsmith1/Documents/Research/code/MD_MLPES/outputs/mace_wB97X_ch_medium_20260418/mace_mvko_run-42_epoch-84.pt
2026-04-19 09:51:02.918 DEBUG: Saving checkpoint: /Users/jmsmith1/Documents/Research/code/MD_MLPES/outputs/mace_wB97X_ch_medium_20260418/mace_mvko_run-42_epoch-96.pt
2026-04-19 09:52:05.129 INFO: Epoch 98: head: Default, loss=0.03443043, RMSE_E_per_atom=   21.36 meV, RMSE_F=   58.64 meV / A
2026-04-19 09:52:05.130 DEBUG: Deleting old checkpoint file: /Users/jmsmith1/Documents/Research/code/MD_MLPES/outputs/mace_wB97X_ch_medium_20260418/mace_mvko_run-42_epoch-96.pt
2026-04-19 09:52:05.131 DEBUG: Saving checkpoint: /Users/jmsmith1/Documents/Research/code/MD_MLPES/outputs/mace_wB97X_ch_medium_20260418/mace_mvko_run-42_epoch-98.pt
2026-04-19 09:53:07.793 INFO: Epoch 100: head: Default, loss=0.03481904, RMSE_E_per_atom=   22.19 meV, RMSE_F=   58.97 meV / A
2026-04-19 09:54:10.374 INFO: Epoch 102: head: Default, loss=0.03584456, RMSE_E_per_atom=   21.48 meV, RMSE_F=   59.83 meV / A
2026-04-19 09:55:13.370 INFO: Epoch 104: head: Default, loss=0.03526928, RMSE_E_per_atom=   21.21 meV, RMSE_F=   59.35 meV / A
2026-04-19 09:56:15.461 INFO: Epoch 106: head: Default, loss=0.03528903, RMSE_E_per_atom=   20.18 meV, RMSE_F=   59.37 meV / A
2026-04-19 09:57:19.076 INFO: Epoch 108: head: Default, loss=0.03709337, RMSE_E_per_atom=   22.87 meV, RMSE_F=   60.86 meV / A
2026-04-19 09:58:25.434 INFO: Epoch 110: head: Default, loss=0.03739137, RMSE_E_per_atom=   22.25 meV, RMSE_F=   61.11 meV / A
2026-04-19 09:59:30.235 INFO: Epoch 112: head: Default, loss=0.03605664, RMSE_E_per_atom=   20.29 meV, RMSE_F=   60.01 meV / A
2026-04-19 10:00:33.120 INFO: Epoch 114: head: Default, loss=0.04024265, RMSE_E_per_atom=   21.47 meV, RMSE_F=   63.40 meV / A
2026-04-19 10:01:36.344 INFO: Epoch 116: head: Default, loss=0.03657790, RMSE_E_per_atom=   18.80 meV, RMSE_F=   60.45 meV / A
2026-04-19 10:02:39.174 INFO: Epoch 118: head: Default, loss=0.03773068, RMSE_E_per_atom=   19.17 meV, RMSE_F=   61.40 meV / A
2026-04-19 10:03:41.591 INFO: Epoch 120: head: Default, loss=0.03507011, RMSE_E_per_atom=   17.41 meV, RMSE_F=   59.19 meV / A
2026-04-19 10:04:44.678 INFO: Epoch 122: head: Default, loss=0.03634228, RMSE_E_per_atom=   18.47 meV, RMSE_F=   60.26 meV / A
2026-04-19 10:05:47.733 INFO: Epoch 124: head: Default, loss=0.03454422, RMSE_E_per_atom=   16.67 meV, RMSE_F=   58.75 meV / A
2026-04-19 10:06:50.219 INFO: Epoch 126: head: Default, loss=0.03442448, RMSE_E_per_atom=   17.11 meV, RMSE_F=   58.65 meV / A
2026-04-19 10:06:50.220 DEBUG: Deleting old checkpoint file: /Users/jmsmith1/Documents/Research/code/MD_MLPES/outputs/mace_wB97X_ch_medium_20260418/mace_mvko_run-42_epoch-98.pt
2026-04-19 10:06:50.220 DEBUG: Saving checkpoint: /Users/jmsmith1/Documents/Research/code/MD_MLPES/outputs/mace_wB97X_ch_medium_20260418/mace_mvko_run-42_epoch-126.pt
2026-04-19 10:07:53.349 INFO: Epoch 128: head: Default, loss=0.03570765, RMSE_E_per_atom=   18.83 meV, RMSE_F=   59.73 meV / A
2026-04-19 10:08:56.258 INFO: Epoch 130: head: Default, loss=0.03701358, RMSE_E_per_atom=   18.20 meV, RMSE_F=   60.81 meV / A
2026-04-19 10:09:58.558 INFO: Epoch 132: head: Default, loss=0.03569471, RMSE_E_per_atom=   17.03 meV, RMSE_F=   59.72 meV / A
2026-04-19 10:11:00.651 INFO: Epoch 134: head: Default, loss=0.03814588, RMSE_E_per_atom=   17.84 meV, RMSE_F=   61.74 meV / A
2026-04-19 10:12:03.324 INFO: Epoch 136: head: Default, loss=0.03561753, RMSE_E_per_atom=   15.81 meV, RMSE_F=   59.66 meV / A
2026-04-19 10:13:05.854 INFO: Epoch 138: head: Default, loss=0.03556394, RMSE_E_per_atom=   16.58 meV, RMSE_F=   59.61 meV / A
2026-04-19 10:14:11.254 INFO: Epoch 140: head: Default, loss=0.03547649, RMSE_E_per_atom=   16.19 meV, RMSE_F=   59.54 meV / A
2026-04-19 10:15:13.989 INFO: Epoch 142: head: Default, loss=0.03561856, RMSE_E_per_atom=   16.37 meV, RMSE_F=   59.66 meV / A
2026-04-19 10:16:19.137 INFO: Epoch 144: head: Default, loss=0.03612799, RMSE_E_per_atom=   17.05 meV, RMSE_F=   60.08 meV / A
2026-04-19 10:17:24.017 INFO: Epoch 146: head: Default, loss=0.03482487, RMSE_E_per_atom=   15.76 meV, RMSE_F=   58.99 meV / A
2026-04-19 10:18:28.881 INFO: Epoch 148: head: Default, loss=0.03607567, RMSE_E_per_atom=   16.23 meV, RMSE_F=   60.04 meV / A
2026-04-19 10:19:33.176 INFO: Epoch 150: head: Default, loss=0.03483533, RMSE_E_per_atom=   14.79 meV, RMSE_F=   59.00 meV / A
2026-04-19 10:20:35.555 INFO: Epoch 152: head: Default, loss=0.03599493, RMSE_E_per_atom=   15.63 meV, RMSE_F=   59.98 meV / A
2026-04-19 10:21:38.109 INFO: Epoch 154: head: Default, loss=0.03540276, RMSE_E_per_atom=   15.18 meV, RMSE_F=   59.48 meV / A
2026-04-19 10:22:41.277 INFO: Epoch 156: head: Default, loss=0.03488085, RMSE_E_per_atom=   14.69 meV, RMSE_F=   59.04 meV / A
2026-04-19 10:23:43.991 INFO: Epoch 158: head: Default, loss=0.03561932, RMSE_E_per_atom=   14.67 meV, RMSE_F=   59.66 meV / A
2026-04-19 10:24:46.230 INFO: Epoch 160: head: Default, loss=0.03545319, RMSE_E_per_atom=   14.64 meV, RMSE_F=   59.52 meV / A
2026-04-19 10:25:48.919 INFO: Epoch 162: head: Default, loss=0.03509224, RMSE_E_per_atom=   15.36 meV, RMSE_F=   59.22 meV / A
2026-04-19 10:26:52.329 INFO: Epoch 164: head: Default, loss=0.03556514, RMSE_E_per_atom=   14.94 meV, RMSE_F=   59.62 meV / A
2026-04-19 10:27:54.401 INFO: Epoch 166: head: Default, loss=0.03545923, RMSE_E_per_atom=   14.83 meV, RMSE_F=   59.53 meV / A
2026-04-19 10:28:57.170 INFO: Epoch 168: head: Default, loss=0.03537093, RMSE_E_per_atom=   14.71 meV, RMSE_F=   59.46 meV / A
2026-04-19 10:30:00.032 INFO: Epoch 170: head: Default, loss=0.03533705, RMSE_E_per_atom=   14.46 meV, RMSE_F=   59.43 meV / A
2026-04-19 10:31:02.819 INFO: Epoch 172: head: Default, loss=0.03556632, RMSE_E_per_atom=   14.62 meV, RMSE_F=   59.62 meV / A
2026-04-19 10:32:06.002 INFO: Epoch 174: head: Default, loss=0.03571315, RMSE_E_per_atom=   14.60 meV, RMSE_F=   59.74 meV / A
2026-04-19 10:33:08.470 INFO: Epoch 176: head: Default, loss=0.03558019, RMSE_E_per_atom=   14.68 meV, RMSE_F=   59.63 meV / A
2026-04-19 10:34:11.547 INFO: Epoch 178: head: Default, loss=0.03555969, RMSE_E_per_atom=   14.69 meV, RMSE_F=   59.61 meV / A
2026-04-19 10:35:14.077 INFO: Epoch 180: head: Default, loss=0.03544589, RMSE_E_per_atom=   14.58 meV, RMSE_F=   59.52 meV / A
2026-04-19 10:36:16.214 INFO: Epoch 182: head: Default, loss=0.03542470, RMSE_E_per_atom=   14.44 meV, RMSE_F=   59.50 meV / A
2026-04-19 10:37:19.027 INFO: Epoch 184: head: Default, loss=0.03545598, RMSE_E_per_atom=   14.32 meV, RMSE_F=   59.53 meV / A
2026-04-19 10:51:14.986 INFO: Epoch 186: head: Default, loss=0.03554503, RMSE_E_per_atom=   14.37 meV, RMSE_F=   59.60 meV / A
2026-04-19 10:52:18.448 INFO: Epoch 188: head: Default, loss=0.03544100, RMSE_E_per_atom=   14.28 meV, RMSE_F=   59.52 meV / A
2026-04-19 10:53:20.985 INFO: Epoch 190: head: Default, loss=0.03545051, RMSE_E_per_atom=   14.41 meV, RMSE_F=   59.52 meV / A
2026-04-19 10:54:24.029 INFO: Epoch 192: head: Default, loss=0.03562185, RMSE_E_per_atom=   14.32 meV, RMSE_F=   59.67 meV / A
2026-04-19 10:55:31.920 INFO: Epoch 194: head: Default, loss=0.03558932, RMSE_E_per_atom=   14.34 meV, RMSE_F=   59.64 meV / A
2026-04-19 10:56:34.591 INFO: Epoch 196: head: Default, loss=0.03557794, RMSE_E_per_atom=   14.29 meV, RMSE_F=   59.63 meV / A
2026-04-19 10:57:38.124 INFO: Epoch 198: head: Default, loss=0.03550501, RMSE_E_per_atom=   14.24 meV, RMSE_F=   59.57 meV / A
2026-04-19 10:58:40.802 INFO: Epoch 200: head: Default, loss=0.03549575, RMSE_E_per_atom=   14.21 meV, RMSE_F=   59.56 meV / A
2026-04-19 10:59:43.520 INFO: Epoch 202: head: Default, loss=0.03547468, RMSE_E_per_atom=   14.14 meV, RMSE_F=   59.54 meV / A
2026-04-19 11:00:46.233 INFO: Epoch 204: head: Default, loss=0.03543617, RMSE_E_per_atom=   14.12 meV, RMSE_F=   59.51 meV / A
2026-04-19 11:01:55.563 INFO: Epoch 206: head: Default, loss=0.03553339, RMSE_E_per_atom=   14.19 meV, RMSE_F=   59.59 meV / A
2026-04-19 11:02:58.351 INFO: Epoch 208: head: Default, loss=0.03544125, RMSE_E_per_atom=   14.13 meV, RMSE_F=   59.52 meV / A
2026-04-19 11:04:01.231 INFO: Epoch 210: head: Default, loss=0.03553031, RMSE_E_per_atom=   14.16 meV, RMSE_F=   59.59 meV / A
2026-04-19 11:05:03.572 INFO: Epoch 212: head: Default, loss=0.03551351, RMSE_E_per_atom=   14.12 meV, RMSE_F=   59.58 meV / A
2026-04-19 11:06:06.201 INFO: Epoch 214: head: Default, loss=0.03552265, RMSE_E_per_atom=   14.17 meV, RMSE_F=   59.58 meV / A
2026-04-19 11:07:09.420 INFO: Epoch 216: head: Default, loss=0.03553828, RMSE_E_per_atom=   14.11 meV, RMSE_F=   59.60 meV / A
2026-04-19 11:08:17.649 INFO: Epoch 218: head: Default, loss=0.03552892, RMSE_E_per_atom=   14.06 meV, RMSE_F=   59.59 meV / A
2026-04-19 11:09:20.247 INFO: Epoch 220: head: Default, loss=0.03554419, RMSE_E_per_atom=   14.10 meV, RMSE_F=   59.60 meV / A
2026-04-19 11:10:22.383 INFO: Epoch 222: head: Default, loss=0.03550277, RMSE_E_per_atom=   14.05 meV, RMSE_F=   59.57 meV / A
2026-04-19 11:11:25.189 INFO: Epoch 224: head: Default, loss=0.03551123, RMSE_E_per_atom=   14.05 meV, RMSE_F=   59.57 meV / A
2026-04-19 11:12:27.639 INFO: Epoch 226: head: Default, loss=0.03545630, RMSE_E_per_atom=   14.00 meV, RMSE_F=   59.53 meV / A
2026-04-19 11:13:29.960 INFO: Epoch 228: head: Default, loss=0.03554331, RMSE_E_per_atom=   14.09 meV, RMSE_F=   59.60 meV / A
2026-04-19 11:14:37.479 INFO: Epoch 230: head: Default, loss=0.03555958, RMSE_E_per_atom=   14.09 meV, RMSE_F=   59.62 meV / A
2026-04-19 11:15:39.837 INFO: Epoch 232: head: Default, loss=0.03550900, RMSE_E_per_atom=   14.05 meV, RMSE_F=   59.57 meV / A
2026-04-19 11:16:43.056 INFO: Epoch 234: head: Default, loss=0.03549254, RMSE_E_per_atom=   14.03 meV, RMSE_F=   59.56 meV / A
2026-04-19 11:17:45.906 INFO: Epoch 236: head: Default, loss=0.03551832, RMSE_E_per_atom=   14.03 meV, RMSE_F=   59.58 meV / A
2026-04-19 11:18:48.208 INFO: Epoch 238: head: Default, loss=0.03551695, RMSE_E_per_atom=   14.02 meV, RMSE_F=   59.58 meV / A
2026-04-19 11:19:51.542 INFO: Epoch 240: head: Default, loss=0.03550587, RMSE_E_per_atom=   14.03 meV, RMSE_F=   59.57 meV / A
2026-04-19 11:20:58.409 INFO: Epoch 242: head: Default, loss=0.03549892, RMSE_E_per_atom=   14.02 meV, RMSE_F=   59.56 meV / A
2026-04-19 11:22:01.373 INFO: Epoch 244: head: Default, loss=0.03553828, RMSE_E_per_atom=   14.03 meV, RMSE_F=   59.60 meV / A
2026-04-19 11:23:04.016 INFO: Epoch 246: head: Default, loss=0.03550495, RMSE_E_per_atom=   13.99 meV, RMSE_F=   59.57 meV / A
2026-04-19 11:24:06.397 INFO: Epoch 248: head: Default, loss=0.03551802, RMSE_E_per_atom=   14.00 meV, RMSE_F=   59.58 meV / A
2026-04-19 11:25:08.917 INFO: Epoch 250: head: Default, loss=0.03551122, RMSE_E_per_atom=   14.00 meV, RMSE_F=   59.57 meV / A
2026-04-19 11:26:14.250 INFO: Epoch 252: head: Default, loss=0.03553187, RMSE_E_per_atom=   14.01 meV, RMSE_F=   59.59 meV / A
2026-04-19 11:27:18.501 INFO: Epoch 254: head: Default, loss=0.03551739, RMSE_E_per_atom=   14.00 meV, RMSE_F=   59.58 meV / A
2026-04-19 11:28:21.142 INFO: Epoch 256: head: Default, loss=0.03552858, RMSE_E_per_atom=   14.01 meV, RMSE_F=   59.59 meV / A
2026-04-19 11:29:24.020 INFO: Epoch 258: head: Default, loss=0.03552531, RMSE_E_per_atom=   14.01 meV, RMSE_F=   59.59 meV / A
2026-04-19 11:30:27.157 INFO: Epoch 260: head: Default, loss=0.03550694, RMSE_E_per_atom=   13.98 meV, RMSE_F=   59.57 meV / A
2026-04-19 11:31:30.134 INFO: Epoch 262: head: Default, loss=0.03552530, RMSE_E_per_atom=   14.00 meV, RMSE_F=   59.59 meV / A
2026-04-19 11:32:37.500 INFO: Epoch 264: head: Default, loss=0.03552571, RMSE_E_per_atom=   14.00 meV, RMSE_F=   59.59 meV / A
2026-04-19 11:33:40.654 INFO: Epoch 266: head: Default, loss=0.03552223, RMSE_E_per_atom=   13.99 meV, RMSE_F=   59.58 meV / A
2026-04-19 11:34:43.203 INFO: Epoch 268: head: Default, loss=0.03553340, RMSE_E_per_atom=   13.99 meV, RMSE_F=   59.59 meV / A
2026-04-19 11:35:45.636 INFO: Epoch 270: head: Default, loss=0.03551791, RMSE_E_per_atom=   13.98 meV, RMSE_F=   59.58 meV / A
2026-04-19 11:36:47.705 INFO: Epoch 272: head: Default, loss=0.03551788, RMSE_E_per_atom=   13.98 meV, RMSE_F=   59.58 meV / A
2026-04-19 11:37:50.760 INFO: Epoch 274: head: Default, loss=0.03550745, RMSE_E_per_atom=   13.97 meV, RMSE_F=   59.57 meV / A
2026-04-19 11:38:58.947 INFO: Epoch 276: head: Default, loss=0.03551960, RMSE_E_per_atom=   13.98 meV, RMSE_F=   59.58 meV / A
2026-04-19 11:40:01.904 INFO: Epoch 278: head: Default, loss=0.03552265, RMSE_E_per_atom=   13.98 meV, RMSE_F=   59.58 meV / A
2026-04-19 11:41:03.974 INFO: Epoch 280: head: Default, loss=0.03551312, RMSE_E_per_atom=   13.98 meV, RMSE_F=   59.58 meV / A
2026-04-19 11:42:06.336 INFO: Epoch 282: head: Default, loss=0.03552264, RMSE_E_per_atom=   13.98 meV, RMSE_F=   59.58 meV / A
2026-04-19 11:43:09.172 INFO: Epoch 284: head: Default, loss=0.03552209, RMSE_E_per_atom=   13.98 meV, RMSE_F=   59.58 meV / A
2026-04-19 11:44:15.749 INFO: Epoch 286: head: Default, loss=0.03551950, RMSE_E_per_atom=   13.98 meV, RMSE_F=   59.58 meV / A
2026-04-19 11:45:19.017 INFO: Epoch 288: head: Default, loss=0.03553224, RMSE_E_per_atom=   13.98 meV, RMSE_F=   59.59 meV / A
2026-04-19 11:46:22.566 INFO: Epoch 290: head: Default, loss=0.03553227, RMSE_E_per_atom=   13.99 meV, RMSE_F=   59.59 meV / A
2026-04-19 11:47:25.927 INFO: Epoch 292: head: Default, loss=0.03552083, RMSE_E_per_atom=   13.98 meV, RMSE_F=   59.58 meV / A
2026-04-19 11:48:29.195 INFO: Epoch 294: head: Default, loss=0.03552335, RMSE_E_per_atom=   13.98 meV, RMSE_F=   59.59 meV / A
2026-04-19 11:49:32.583 INFO: Epoch 296: head: Default, loss=0.03552392, RMSE_E_per_atom=   13.98 meV, RMSE_F=   59.59 meV / A
2026-04-19 11:50:39.373 INFO: Epoch 298: head: Default, loss=0.03552305, RMSE_E_per_atom=   13.98 meV, RMSE_F=   59.58 meV / A
2026-04-19 11:51:41.854 INFO: Epoch 300: head: Default, loss=0.03552837, RMSE_E_per_atom=   13.98 meV, RMSE_F=   59.59 meV / A
2026-04-19 11:52:44.865 INFO: Epoch 302: head: Default, loss=0.03552626, RMSE_E_per_atom=   13.98 meV, RMSE_F=   59.59 meV / A
2026-04-19 11:53:47.455 INFO: Epoch 304: head: Default, loss=0.03552547, RMSE_E_per_atom=   13.97 meV, RMSE_F=   59.59 meV / A
2026-04-19 11:54:50.605 INFO: Epoch 306: head: Default, loss=0.03552535, RMSE_E_per_atom=   13.97 meV, RMSE_F=   59.59 meV / A
2026-04-19 11:55:57.403 INFO: Epoch 308: head: Default, loss=0.03552615, RMSE_E_per_atom=   13.97 meV, RMSE_F=   59.59 meV / A
2026-04-19 11:57:00.832 INFO: Epoch 310: head: Default, loss=0.03552979, RMSE_E_per_atom=   13.98 meV, RMSE_F=   59.59 meV / A
2026-04-19 11:58:02.792 INFO: Epoch 312: head: Default, loss=0.03552632, RMSE_E_per_atom=   13.97 meV, RMSE_F=   59.59 meV / A
2026-04-19 11:59:04.522 INFO: Epoch 314: head: Default, loss=0.03552782, RMSE_E_per_atom=   13.97 meV, RMSE_F=   59.59 meV / A
2026-04-19 12:00:05.744 INFO: Epoch 316: head: Default, loss=0.03552672, RMSE_E_per_atom=   13.97 meV, RMSE_F=   59.59 meV / A
2026-04-19 12:01:07.340 INFO: Epoch 318: head: Default, loss=0.03552448, RMSE_E_per_atom=   13.97 meV, RMSE_F=   59.59 meV / A
2026-04-19 12:02:12.106 INFO: Epoch 320: head: Default, loss=0.03552549, RMSE_E_per_atom=   13.97 meV, RMSE_F=   59.59 meV / A
2026-04-19 12:03:14.585 INFO: Epoch 322: head: Default, loss=0.03552566, RMSE_E_per_atom=   13.97 meV, RMSE_F=   59.59 meV / A
2026-04-19 12:04:16.210 INFO: Epoch 324: head: Default, loss=0.03552545, RMSE_E_per_atom=   13.97 meV, RMSE_F=   59.59 meV / A
2026-04-19 12:05:18.185 INFO: Epoch 326: head: Default, loss=0.03552510, RMSE_E_per_atom=   13.97 meV, RMSE_F=   59.59 meV / A
2026-04-19 12:06:20.412 INFO: Epoch 328: head: Default, loss=0.03552588, RMSE_E_per_atom=   13.97 meV, RMSE_F=   59.59 meV / A
2026-04-19 12:07:21.911 INFO: Epoch 330: head: Default, loss=0.03552454, RMSE_E_per_atom=   13.97 meV, RMSE_F=   59.59 meV / A
2026-04-19 12:08:24.933 INFO: Epoch 332: head: Default, loss=0.03552535, RMSE_E_per_atom=   13.97 meV, RMSE_F=   59.59 meV / A
2026-04-19 12:09:29.996 INFO: Epoch 334: head: Default, loss=0.03552504, RMSE_E_per_atom=   13.97 meV, RMSE_F=   59.59 meV / A
2026-04-19 12:10:31.958 INFO: Epoch 336: head: Default, loss=0.03552589, RMSE_E_per_atom=   13.97 meV, RMSE_F=   59.59 meV / A
2026-04-19 12:11:34.911 INFO: Epoch 338: head: Default, loss=0.03552540, RMSE_E_per_atom=   13.97 meV, RMSE_F=   59.59 meV / A
2026-04-19 12:12:36.850 INFO: Epoch 340: head: Default, loss=0.03552496, RMSE_E_per_atom=   13.97 meV, RMSE_F=   59.59 meV / A
2026-04-19 12:13:38.631 INFO: Epoch 342: head: Default, loss=0.03552653, RMSE_E_per_atom=   13.97 meV, RMSE_F=   59.59 meV / A
2026-04-19 12:14:40.157 INFO: Epoch 344: head: Default, loss=0.03552592, RMSE_E_per_atom=   13.97 meV, RMSE_F=   59.59 meV / A
2026-04-19 12:15:45.972 INFO: Epoch 346: head: Default, loss=0.03552588, RMSE_E_per_atom=   13.97 meV, RMSE_F=   59.59 meV / A
2026-04-19 12:16:49.391 INFO: Epoch 348: head: Default, loss=0.03552694, RMSE_E_per_atom=   13.97 meV, RMSE_F=   59.59 meV / A
2026-04-19 12:17:51.626 INFO: Epoch 350: head: Default, loss=0.03552574, RMSE_E_per_atom=   13.97 meV, RMSE_F=   59.59 meV / A
2026-04-19 12:18:53.744 INFO: Epoch 352: head: Default, loss=0.03552621, RMSE_E_per_atom=   13.97 meV, RMSE_F=   59.59 meV / A
2026-04-19 12:19:55.569 INFO: Epoch 354: head: Default, loss=0.03552536, RMSE_E_per_atom=   13.97 meV, RMSE_F=   59.59 meV / A
2026-04-19 12:20:57.567 INFO: Epoch 356: head: Default, loss=0.03552633, RMSE_E_per_atom=   13.97 meV, RMSE_F=   59.59 meV / A
2026-04-19 12:22:04.016 INFO: Epoch 358: head: Default, loss=0.03552597, RMSE_E_per_atom=   13.97 meV, RMSE_F=   59.59 meV / A
2026-04-19 12:23:05.807 INFO: Epoch 360: head: Default, loss=0.03552624, RMSE_E_per_atom=   13.97 meV, RMSE_F=   59.59 meV / A
2026-04-19 12:24:07.438 INFO: Epoch 362: head: Default, loss=0.03552620, RMSE_E_per_atom=   13.97 meV, RMSE_F=   59.59 meV / A
2026-04-19 12:25:09.608 INFO: Epoch 364: head: Default, loss=0.03552631, RMSE_E_per_atom=   13.97 meV, RMSE_F=   59.59 meV / A
2026-04-19 12:26:11.129 INFO: Epoch 366: head: Default, loss=0.03552605, RMSE_E_per_atom=   13.97 meV, RMSE_F=   59.59 meV / A
2026-04-19 12:27:12.268 INFO: Epoch 368: head: Default, loss=0.03552604, RMSE_E_per_atom=   13.97 meV, RMSE_F=   59.59 meV / A
2026-04-19 12:28:18.370 INFO: Epoch 370: head: Default, loss=0.03552598, RMSE_E_per_atom=   13.97 meV, RMSE_F=   59.59 meV / A
2026-04-19 12:29:20.090 INFO: Epoch 372: head: Default, loss=0.03552596, RMSE_E_per_atom=   13.97 meV, RMSE_F=   59.59 meV / A
2026-04-19 12:30:22.195 INFO: Epoch 374: head: Default, loss=0.03552610, RMSE_E_per_atom=   13.97 meV, RMSE_F=   59.59 meV / A
2026-04-19 12:31:24.322 INFO: Epoch 376: head: Default, loss=0.03552616, RMSE_E_per_atom=   13.97 meV, RMSE_F=   59.59 meV / A
2026-04-19 12:32:26.405 INFO: Epoch 378: head: Default, loss=0.03552624, RMSE_E_per_atom=   13.97 meV, RMSE_F=   59.59 meV / A
2026-04-19 12:33:28.808 INFO: Epoch 380: head: Default, loss=0.03552618, RMSE_E_per_atom=   13.97 meV, RMSE_F=   59.59 meV / A
2026-04-19 12:34:35.716 INFO: Epoch 382: head: Default, loss=0.03552611, RMSE_E_per_atom=   13.97 meV, RMSE_F=   59.59 meV / A
2026-04-19 12:35:37.917 INFO: Epoch 384: head: Default, loss=0.03552606, RMSE_E_per_atom=   13.97 meV, RMSE_F=   59.59 meV / A
2026-04-19 12:36:39.828 INFO: Epoch 386: head: Default, loss=0.03552597, RMSE_E_per_atom=   13.97 meV, RMSE_F=   59.59 meV / A
2026-04-19 12:37:42.041 INFO: Epoch 388: head: Default, loss=0.03552613, RMSE_E_per_atom=   13.97 meV, RMSE_F=   59.59 meV / A
2026-04-19 12:38:44.433 INFO: Epoch 390: head: Default, loss=0.03552612, RMSE_E_per_atom=   13.97 meV, RMSE_F=   59.59 meV / A
2026-04-19 12:39:46.905 INFO: Epoch 392: head: Default, loss=0.03552608, RMSE_E_per_atom=   13.97 meV, RMSE_F=   59.59 meV / A
2026-04-19 12:40:53.430 INFO: Epoch 394: head: Default, loss=0.03552608, RMSE_E_per_atom=   13.97 meV, RMSE_F=   59.59 meV / A
2026-04-19 12:41:55.679 INFO: Epoch 396: head: Default, loss=0.03552604, RMSE_E_per_atom=   13.97 meV, RMSE_F=   59.59 meV / A
2026-04-19 12:42:57.748 INFO: Epoch 398: head: Default, loss=0.03552611, RMSE_E_per_atom=   13.97 meV, RMSE_F=   59.59 meV / A
2026-04-19 12:44:00.234 INFO: Epoch 400: head: Default, loss=0.03552613, RMSE_E_per_atom=   13.97 meV, RMSE_F=   59.59 meV / A
2026-04-19 12:45:02.375 INFO: Epoch 402: head: Default, loss=0.03552595, RMSE_E_per_atom=   13.97 meV, RMSE_F=   59.59 meV / A
2026-04-19 12:46:05.195 INFO: Epoch 404: head: Default, loss=0.03552610, RMSE_E_per_atom=   13.97 meV, RMSE_F=   59.59 meV / A
2026-04-19 12:47:12.720 INFO: Epoch 406: head: Default, loss=0.03552601, RMSE_E_per_atom=   13.97 meV, RMSE_F=   59.59 meV / A
2026-04-19 12:48:14.591 INFO: Epoch 408: head: Default, loss=0.03552613, RMSE_E_per_atom=   13.97 meV, RMSE_F=   59.59 meV / A
2026-04-19 12:49:17.167 INFO: Epoch 410: head: Default, loss=0.03552606, RMSE_E_per_atom=   13.97 meV, RMSE_F=   59.59 meV / A
2026-04-19 12:50:19.690 INFO: Epoch 412: head: Default, loss=0.03552614, RMSE_E_per_atom=   13.97 meV, RMSE_F=   59.59 meV / A
2026-04-19 12:51:22.415 INFO: Epoch 414: head: Default, loss=0.03552602, RMSE_E_per_atom=   13.97 meV, RMSE_F=   59.59 meV / A
2026-04-19 12:52:24.565 INFO: Epoch 416: head: Default, loss=0.03552626, RMSE_E_per_atom=   13.97 meV, RMSE_F=   59.59 meV / A
2026-04-19 12:53:31.803 INFO: Epoch 418: head: Default, loss=0.03552607, RMSE_E_per_atom=   13.97 meV, RMSE_F=   59.59 meV / A
2026-04-19 12:54:34.426 INFO: Epoch 420: head: Default, loss=0.03552621, RMSE_E_per_atom=   13.97 meV, RMSE_F=   59.59 meV / A
2026-04-19 12:55:37.231 INFO: Epoch 422: head: Default, loss=0.03552621, RMSE_E_per_atom=   13.97 meV, RMSE_F=   59.59 meV / A
2026-04-19 12:56:39.120 INFO: Epoch 424: head: Default, loss=0.03552610, RMSE_E_per_atom=   13.97 meV, RMSE_F=   59.59 meV / A
2026-04-19 12:57:41.624 INFO: Epoch 426: head: Default, loss=0.03552631, RMSE_E_per_atom=   13.97 meV, RMSE_F=   59.59 meV / A
2026-04-19 12:58:43.496 INFO: Epoch 428: head: Default, loss=0.03552626, RMSE_E_per_atom=   13.97 meV, RMSE_F=   59.59 meV / A
2026-04-19 12:59:50.433 INFO: Epoch 430: head: Default, loss=0.03552618, RMSE_E_per_atom=   13.97 meV, RMSE_F=   59.59 meV / A
2026-04-19 13:00:53.183 INFO: Epoch 432: head: Default, loss=0.03552608, RMSE_E_per_atom=   13.97 meV, RMSE_F=   59.59 meV / A
2026-04-19 13:01:55.351 INFO: Epoch 434: head: Default, loss=0.03552620, RMSE_E_per_atom=   13.97 meV, RMSE_F=   59.59 meV / A
2026-04-19 13:02:57.376 INFO: Epoch 436: head: Default, loss=0.03552620, RMSE_E_per_atom=   13.97 meV, RMSE_F=   59.59 meV / A
2026-04-19 13:03:59.781 INFO: Epoch 438: head: Default, loss=0.03552624, RMSE_E_per_atom=   13.97 meV, RMSE_F=   59.59 meV / A
2026-04-19 13:05:04.697 INFO: Epoch 440: head: Default, loss=0.03552620, RMSE_E_per_atom=   13.97 meV, RMSE_F=   59.59 meV / A
2026-04-19 13:06:10.021 INFO: Epoch 442: head: Default, loss=0.03552611, RMSE_E_per_atom=   13.97 meV, RMSE_F=   59.59 meV / A
2026-04-19 13:07:12.953 INFO: Epoch 444: head: Default, loss=0.03552613, RMSE_E_per_atom=   13.97 meV, RMSE_F=   59.59 meV / A
2026-04-19 13:08:15.103 INFO: Epoch 446: head: Default, loss=0.03552612, RMSE_E_per_atom=   13.97 meV, RMSE_F=   59.59 meV / A
2026-04-19 13:09:17.389 INFO: Epoch 448: head: Default, loss=0.03552609, RMSE_E_per_atom=   13.97 meV, RMSE_F=   59.59 meV / A
2026-04-19 13:09:47.896 INFO: Changing loss based on Stage Two Weights
2026-04-19 13:10:20.050 INFO: Epoch 450: head: Default, loss=0.04381829, RMSE_E_per_atom=   10.56 meV, RMSE_F=   57.15 meV / A
2026-04-19 13:10:20.051 DEBUG: Saving checkpoint: /Users/jmsmith1/Documents/Research/code/MD_MLPES/outputs/mace_wB97X_ch_medium_20260418/mace_mvko_run-42_epoch-450_swa.pt
2026-04-19 13:11:27.439 INFO: Epoch 452: head: Default, loss=0.04544912, RMSE_E_per_atom=   10.64 meV, RMSE_F=   58.43 meV / A
2026-04-19 13:12:29.349 INFO: Epoch 454: head: Default, loss=0.04422219, RMSE_E_per_atom=   10.89 meV, RMSE_F=   56.89 meV / A
2026-04-19 13:13:31.388 INFO: Epoch 456: head: Default, loss=0.04341563, RMSE_E_per_atom=   10.33 meV, RMSE_F=   57.23 meV / A
2026-04-19 13:13:31.389 DEBUG: Deleting old checkpoint file: /Users/jmsmith1/Documents/Research/code/MD_MLPES/outputs/mace_wB97X_ch_medium_20260418/mace_mvko_run-42_epoch-450_swa.pt
2026-04-19 13:13:31.390 DEBUG: Saving checkpoint: /Users/jmsmith1/Documents/Research/code/MD_MLPES/outputs/mace_wB97X_ch_medium_20260418/mace_mvko_run-42_epoch-456_swa.pt
2026-04-19 13:14:33.377 INFO: Epoch 458: head: Default, loss=0.04236925, RMSE_E_per_atom=   10.38 meV, RMSE_F=   56.21 meV / A
2026-04-19 13:14:33.377 DEBUG: Deleting old checkpoint file: /Users/jmsmith1/Documents/Research/code/MD_MLPES/outputs/mace_wB97X_ch_medium_20260418/mace_mvko_run-42_epoch-456_swa.pt
2026-04-19 13:14:33.378 DEBUG: Saving checkpoint: /Users/jmsmith1/Documents/Research/code/MD_MLPES/outputs/mace_wB97X_ch_medium_20260418/mace_mvko_run-42_epoch-458_swa.pt
2026-04-19 13:15:35.681 INFO: Epoch 460: head: Default, loss=0.04456101, RMSE_E_per_atom=   10.58 meV, RMSE_F=   57.77 meV / A
2026-04-19 13:16:38.038 INFO: Epoch 462: head: Default, loss=0.04301988, RMSE_E_per_atom=   10.16 meV, RMSE_F=   57.18 meV / A
2026-04-19 13:17:45.464 INFO: Epoch 464: head: Default, loss=0.04556811, RMSE_E_per_atom=   11.23 meV, RMSE_F=   57.40 meV / A
2026-04-19 13:18:48.037 INFO: Epoch 466: head: Default, loss=0.04287374, RMSE_E_per_atom=   10.29 meV, RMSE_F=   56.81 meV / A
2026-04-19 13:19:50.450 INFO: Epoch 468: head: Default, loss=0.04417904, RMSE_E_per_atom=   10.82 meV, RMSE_F=   56.98 meV / A
2026-04-19 13:20:52.333 INFO: Epoch 470: head: Default, loss=0.04629209, RMSE_E_per_atom=   10.31 meV, RMSE_F=   59.71 meV / A
2026-04-19 13:21:54.627 INFO: Epoch 472: head: Default, loss=0.04218201, RMSE_E_per_atom=   10.39 meV, RMSE_F=   56.03 meV / A
2026-04-19 13:21:54.628 DEBUG: Deleting old checkpoint file: /Users/jmsmith1/Documents/Research/code/MD_MLPES/outputs/mace_wB97X_ch_medium_20260418/mace_mvko_run-42_epoch-458_swa.pt
2026-04-19 13:21:54.628 DEBUG: Saving checkpoint: /Users/jmsmith1/Documents/Research/code/MD_MLPES/outputs/mace_wB97X_ch_medium_20260418/mace_mvko_run-42_epoch-472_swa.pt
2026-04-19 13:22:57.173 INFO: Epoch 474: head: Default, loss=0.04360903, RMSE_E_per_atom=   10.25 meV, RMSE_F=   57.54 meV / A
2026-04-19 13:24:04.233 INFO: Epoch 476: head: Default, loss=0.04351627, RMSE_E_per_atom=   10.83 meV, RMSE_F=   56.38 meV / A
2026-04-19 13:25:05.933 INFO: Epoch 478: head: Default, loss=0.04349536, RMSE_E_per_atom=   10.75 meV, RMSE_F=   56.51 meV / A
2026-04-19 13:26:07.899 INFO: Epoch 480: head: Default, loss=0.04476497, RMSE_E_per_atom=   10.41 meV, RMSE_F=   58.25 meV / A
2026-04-19 13:27:10.616 INFO: Epoch 482: head: Default, loss=0.04313846, RMSE_E_per_atom=    9.86 meV, RMSE_F=   57.81 meV / A
2026-04-19 13:28:13.607 INFO: Epoch 484: head: Default, loss=0.04312864, RMSE_E_per_atom=   10.51 meV, RMSE_F=   56.64 meV / A
2026-04-19 13:29:17.243 INFO: Epoch 486: head: Default, loss=0.04439753, RMSE_E_per_atom=   10.77 meV, RMSE_F=   57.27 meV / A
2026-04-19 13:30:22.755 INFO: Epoch 488: head: Default, loss=0.04200486, RMSE_E_per_atom=    9.93 meV, RMSE_F=   56.70 meV / A
2026-04-19 13:30:22.756 DEBUG: Deleting old checkpoint file: /Users/jmsmith1/Documents/Research/code/MD_MLPES/outputs/mace_wB97X_ch_medium_20260418/mace_mvko_run-42_epoch-472_swa.pt
2026-04-19 13:30:22.756 DEBUG: Saving checkpoint: /Users/jmsmith1/Documents/Research/code/MD_MLPES/outputs/mace_wB97X_ch_medium_20260418/mace_mvko_run-42_epoch-488_swa.pt
2026-04-19 13:31:25.075 INFO: Epoch 490: head: Default, loss=0.04444797, RMSE_E_per_atom=   11.30 meV, RMSE_F=   56.29 meV / A
2026-04-19 13:32:26.951 INFO: Epoch 492: head: Default, loss=0.04217930, RMSE_E_per_atom=   10.37 meV, RMSE_F=   56.06 meV / A
2026-04-19 13:33:30.200 INFO: Epoch 494: head: Default, loss=0.04331737, RMSE_E_per_atom=   10.40 meV, RMSE_F=   57.01 meV / A
2026-04-19 13:34:32.454 INFO: Epoch 496: head: Default, loss=0.04289398, RMSE_E_per_atom=   10.47 meV, RMSE_F=   56.51 meV / A
2026-04-19 13:35:38.628 INFO: Epoch 498: head: Default, loss=0.04254495, RMSE_E_per_atom=   10.12 meV, RMSE_F=   56.84 meV / A
2026-04-19 13:36:09.106 INFO: Training complete
2026-04-19 13:36:09.106 INFO: 
2026-04-19 13:36:09.107 INFO: ===========RESULTS===========
2026-04-19 13:36:09.108 INFO: Loading checkpoint: /Users/jmsmith1/Documents/Research/code/MD_MLPES/outputs/mace_wB97X_ch_medium_20260418/mace_mvko_run-42_epoch-126.pt
2026-04-19 13:36:09.123 INFO: Loaded Stage one model from epoch 126 for evaluation
2026-04-19 13:36:09.124 INFO: Saving model to /Users/jmsmith1/Documents/Research/code/MD_MLPES/outputs/mace_wB97X_ch_medium_20260418/mace_mvko_run-42.model
2026-04-19 13:36:09.231 INFO: Compiling model, saving metadata to mace_mvko_compiled.model
2026-04-19 13:36:09.706 INFO: Computing metrics for training, validation, and test sets
2026-04-19 13:36:09.706 INFO: Skipping evaluation for heads: ['pt_head']
2026-04-19 13:36:09.706 INFO: Evaluating train_Default ...
2026-04-19 13:36:21.611 INFO: Evaluating valid_Default ...
2026-04-19 13:36:23.714 INFO: Error-table on TRAIN and VALID:
+---------------+---------------------+------------------+-------------------+
|  config_type  | RMSE E / meV / atom | RMSE F / meV / A | relative F RMSE % |
+---------------+---------------------+------------------+-------------------+
| train_Default |           20.2      |         47.5     |         28.60     |
| valid_Default |           17.1      |         58.6     |         40.42     |
+---------------+---------------------+------------------+-------------------+
2026-04-19 13:36:23.714 DEBUG: Running inference on train_Default dataset
2026-04-19 13:36:35.699 DEBUG: Running inference on valid_Default dataset
2026-04-19 13:36:39.569 INFO: Loading checkpoint: /Users/jmsmith1/Documents/Research/code/MD_MLPES/outputs/mace_wB97X_ch_medium_20260418/mace_mvko_run-42_epoch-488_swa.pt
2026-04-19 13:36:39.578 INFO: Loaded Stage two model from epoch 488 for evaluation
2026-04-19 13:36:39.578 INFO: Saving model to /Users/jmsmith1/Documents/Research/code/MD_MLPES/outputs/mace_wB97X_ch_medium_20260418/mace_mvko_run-42_stagetwo.model
2026-04-19 13:36:39.686 INFO: Compiling model, saving metadata mace_mvko_stagetwo_compiled.model
2026-04-19 13:36:39.994 INFO: Computing metrics for training, validation, and test sets
2026-04-19 13:36:39.994 INFO: Skipping evaluation for heads: ['pt_head']
2026-04-19 13:36:39.995 INFO: Evaluating train_Default ...
2026-04-19 13:36:51.806 INFO: Evaluating valid_Default ...
2026-04-19 13:36:54.116 INFO: Error-table on TRAIN and VALID:
+---------------+---------------------+------------------+-------------------+
|  config_type  | RMSE E / meV / atom | RMSE F / meV / A | relative F RMSE % |
+---------------+---------------------+------------------+-------------------+
| train_Default |           11.3      |         47.5     |         28.59     |
| valid_Default |            9.9      |         56.7     |         39.08     |
+---------------+---------------------+------------------+-------------------+
2026-04-19 13:36:54.117 DEBUG: Running inference on train_Default dataset
2026-04-19 13:37:06.121 DEBUG: Running inference on valid_Default dataset
2026-04-19 13:37:09.076 INFO: Done
