
======================================================================
  ML-PES IR SPECTRUM WORKFLOW
======================================================================
  ML-PES model       : outputs/syn_trans_nm_pes_20260513/mlpes_nm.pkl
  Training data      : outputs/syn_trans_nm_pes_20260513/combined_training_data.npz
  Dipole model       : (will train now)
  MD steps           : 5000  (dt=0.5 fs, save every 1)
  Temperature        : 2000.0 K
  ZPE floor init     : yes  (filter: [50, 4000] cm⁻¹)
  bakken pre-min     : yes  (max_steps=300, tol=0.005 Ha/Å)
  Trajectories       : 3
  Bond dissoc guard  : 2.0× initial length
  Output dir         : outputs/nm_pes_stability_test/syn_trans_2000K
Loaded trajectory from outputs/syn_trans_nm_pes_20260513/combined_training_data.npz (npz format)
  Frames: 298, Atoms: 12
  NMPESDriver loaded: outputs/syn_trans_nm_pes_20260513/mlpes_nm.pkl
    n_atoms=12  n_vib=30  γ=0.1  α=1e-06
    LOO-CV RMSE: 1.5897 kcal/mol
    Bond wall: 5 heavy-atom bonds, cutoff=1.60×d_eq, k=1.0 Ha/Å²
      C0-O1: d_eq=1.275Å, d_cut=2.040Å
      C0-C3: d_eq=1.452Å, d_cut=2.323Å
      C0-C5: d_eq=1.485Å, d_cut=2.376Å
      O1-O2: d_eq=1.341Å, d_cut=2.145Å
      C3-C4: d_eq=1.337Å, d_cut=2.139Å
  Molecule           : C₄H₆O₂  –  methyl vinyl ketone oxide (MVKO)  (12 atoms)

======================================================================
  TRAINING NM-COORDINATE DIPOLE SURFACE (NMDipoleSurface)
======================================================================
  Training frames    : 298
  Valid dipoles      : 298 (|μ| > 1e-6 D)
  |μ| range          : 4.288–5.886 D

  NMDipoleSurface.fit: 254 train / 44 test frames
  γ_center=0.0375  grid (9): ['0.000375', '0.00119', '0.00375', '0.0119', '0.0375', '0.119', '0.375', '1.19', '3.75']
  Best: γ=0.01186  α=0.001  LOO-CV RMSE=0.0649 D
  Train RMSE: 0.0273 D
  Test  RMSE: 0.1204 D  R²=0.7270

  NM dipole model saved : outputs/nm_pes_stability_test/syn_trans_2000K/dipole_surface.pkl

  Starting geometry  : user-supplied (e.g. PSI4 equilibrium)  shape=(12, 3)

--- Using stored PSI4 NM data for ZPE init (NM-PES model) ---
  n_vib=30  freq range [38.3, 3286.3] cm⁻¹

======================================================================
  MULTI-TRAJECTORY MD  (3 trajectories)
======================================================================
  Starting geometry  : user-supplied --start-coords (all trajectories)
  Steps per trajectory           : 5000
  Temperature                    : 2000 K
  Dissociation limit             : 2.0× initial bond

  --- Trajectory 1/3  (user start_coords, E=-192149.96 kcal/mol, seed=42) ---

  ────────────────────────────────────────────────────────────
  bakken pre-minimiser  (tol=0.005 Ha/Å, max_steps=300)
    Step            E (Ha)    ΔE (kcal/mol)    |F|_max (Ha/Å)    step (Å)
  ──────  ────────────────  ───────────────  ────────────────  ──────────
       1     -306.21044942          +0.0000          0.000972     0.01000
       1     -306.21044942          +0.0000          0.000972     0.01000

  Converged in 1 steps  ΔE = +0.0000 kcal/mol  |F|_max = 0.000972 Ha/Å
  ────────────────────────────────────────────────────────────
  Pre-min geometry   : ΔE = +0.0000 kcal/mol from starting frame
  ZPE floor applied  : 23/30 modes boosted, 1 skipped (outside [50, 4000] cm⁻¹)
  ZPE init T_eff     : 2819 K  (target: 2000 K, τ=200 fs)
bakken MD:   0%|          | 0/5000 [00:00<?, ?step/s]bakken MD:   0%|          | 15/5000 [00:00<00:03, 1514.08step/s]

  Dissociation detected: atoms 3–4  d=4.604 Å (eq=1.337 Å, limit=2.673 Å).  Truncating at step 16.
    Dissociation at step 16 — 16 frames kept

  Trajectory XYZ     : outputs/nm_pes_stability_test/syn_trans_2000K/traj_01.xyz  (16 frames, 12 KB)

  Predicting dipoles for 16 frames...
Dipole prediction:   0%|          | 0/16 [00:00<?, ?it/s]Dipole prediction: 100%|██████████| 16/16 [00:00<00:00, 32248.37it/s]
    Dipole |μ|: 5.086–5.159 D  (mean 5.136 D)

  --- Trajectory 2/3  (user start_coords, E=-192149.96 kcal/mol, seed=43) ---

  ────────────────────────────────────────────────────────────
  bakken pre-minimiser  (tol=0.005 Ha/Å, max_steps=300)
    Step            E (Ha)    ΔE (kcal/mol)    |F|_max (Ha/Å)    step (Å)
  ──────  ────────────────  ───────────────  ────────────────  ──────────
       1     -306.21044942          +0.0000          0.000972     0.01000
       1     -306.21044942          +0.0000          0.000972     0.01000

  Converged in 1 steps  ΔE = +0.0000 kcal/mol  |F|_max = 0.000972 Ha/Å
  ────────────────────────────────────────────────────────────
  Pre-min geometry   : ΔE = +0.0000 kcal/mol from starting frame
  ZPE floor applied  : 19/30 modes boosted, 1 skipped (outside [50, 4000] cm⁻¹)
  ZPE init T_eff     : 3531 K  (target: 2000 K, τ=200 fs)
bakken MD:   0%|          | 0/5000 [00:00<?, ?step/s]bakken MD:   0%|          | 16/5000 [00:00<00:01, 2549.83step/s]

  Dissociation detected: atoms 0–3  d=6.122 Å (eq=1.452 Å, limit=2.903 Å).  Truncating at step 17.
    Dissociation at step 17 — 17 frames kept

  Trajectory XYZ     : outputs/nm_pes_stability_test/syn_trans_2000K/traj_02.xyz  (17 frames, 13 KB)

  Predicting dipoles for 17 frames...
Dipole prediction:   0%|          | 0/17 [00:00<?, ?it/s]Dipole prediction: 100%|██████████| 17/17 [00:00<00:00, 12186.49it/s]
    Dipole |μ|: 5.143–5.357 D  (mean 5.225 D)

  --- Trajectory 3/3  (user start_coords, E=-192149.96 kcal/mol, seed=44) ---

  ────────────────────────────────────────────────────────────
  bakken pre-minimiser  (tol=0.005 Ha/Å, max_steps=300)
    Step            E (Ha)    ΔE (kcal/mol)    |F|_max (Ha/Å)    step (Å)
  ──────  ────────────────  ───────────────  ────────────────  ──────────
       1     -306.21044942          +0.0000          0.000972     0.01000
       1     -306.21044942          +0.0000          0.000972     0.01000

  Converged in 1 steps  ΔE = +0.0000 kcal/mol  |F|_max = 0.000972 Ha/Å
  ────────────────────────────────────────────────────────────
  Pre-min geometry   : ΔE = +0.0000 kcal/mol from starting frame
  ZPE floor applied  : 18/30 modes boosted, 1 skipped (outside [50, 4000] cm⁻¹)
  ZPE init T_eff     : 2597 K  (target: 2000 K, τ=200 fs)
bakken MD:   0%|          | 0/5000 [00:00<?, ?step/s]bakken MD:   0%|          | 14/5000 [00:00<00:02, 2327.49step/s]

  Dissociation detected: atoms 0–3  d=3.650 Å (eq=1.452 Å, limit=2.903 Å).  Truncating at step 15.
    Dissociation at step 15 — 15 frames kept

  Trajectory XYZ     : outputs/nm_pes_stability_test/syn_trans_2000K/traj_03.xyz  (15 frames, 11 KB)

  Predicting dipoles for 15 frames...
Dipole prediction:   0%|          | 0/15 [00:00<?, ?it/s]Dipole prediction: 100%|██████████| 15/15 [00:00<00:00, 38060.83it/s]
/Users/jmsmith1/Documents/Research/code/MD_MLPES/ir_md_spectrum.py:878: UserWarning: Glyph 8315 (\N{SUPERSCRIPT MINUS}) missing from font(s) Arial.
  fig.savefig(output_path, dpi=200, bbox_inches='tight')
/Users/jmsmith1/Documents/Research/code/MD_MLPES/ir_md_spectrum.py:878: UserWarning: Glyph 8324 (\N{SUBSCRIPT FOUR}) missing from font(s) Arial.
  fig.savefig(output_path, dpi=200, bbox_inches='tight')
/Users/jmsmith1/Documents/Research/code/MD_MLPES/ir_md_spectrum.py:878: UserWarning: Glyph 8326 (\N{SUBSCRIPT SIX}) missing from font(s) Arial.
  fig.savefig(output_path, dpi=200, bbox_inches='tight')
/Users/jmsmith1/Documents/Research/code/MD_MLPES/ir_md_spectrum.py:878: UserWarning: Glyph 8322 (\N{SUBSCRIPT TWO}) missing from font(s) Arial.
  fig.savefig(output_path, dpi=200, bbox_inches='tight')
    Dipole |μ|: 4.869–5.143 D  (mean 5.050 D)

  Trajectories collected: 3

--- Averaging IR spectra across 3 trajectories ---

======================================================================
  IR SPECTRUM via DIPOLE ACF + FFT
======================================================================
  Frames used       : 16
  Effective Δt      : 0.50 fs
  Total trajectory  : 8 fs
  Nyquist frequency : 33356 cm⁻¹

================================================================================
  IR SPECTRUM CALCULATION
================================================================================

📊 Computing dipole autocorrelation function...
   Computed for 8 lag times
   C(0) = 1.000000 (normalized to 1)

🪟 Applying hann window function...

📏 Zero padding:
   Original points: 8
   Padded points: 32

🔄 Computing Fourier transform...
   Frequency range: 0 - 4313.4 cm⁻¹
   Frequency resolution: 331.80 cm⁻¹
   Number of points: 13

🎯 Found 1 peaks above threshold 0.05:

   Frequency (cm⁻¹)     Intensity       Assignment          
   ------------------------------------------------------------
   1990.8               1.000           C≡C, C≡N stretch    
  Trajectory 1/3 spectrum computed  (16 frames)

======================================================================
  IR SPECTRUM via DIPOLE ACF + FFT
======================================================================
  Frames used       : 17
  Effective Δt      : 0.50 fs
  Total trajectory  : 8 fs
  Nyquist frequency : 33356 cm⁻¹

================================================================================
  IR SPECTRUM CALCULATION
================================================================================

📊 Computing dipole autocorrelation function...
   Computed for 8 lag times
   C(0) = 1.000000 (normalized to 1)

🪟 Applying hann window function...

📏 Zero padding:
   Original points: 8
   Padded points: 32

🔄 Computing Fourier transform...
   Frequency range: 0 - 4313.4 cm⁻¹
   Frequency resolution: 331.80 cm⁻¹
   Number of points: 13

🎯 Found 1 peaks above threshold 0.05:

   Frequency (cm⁻¹)     Intensity       Assignment          
   ------------------------------------------------------------
   1659.0               1.000           C=C, C=O stretch    
  Trajectory 2/3 spectrum computed  (17 frames)

======================================================================
  IR SPECTRUM via DIPOLE ACF + FFT
======================================================================
  Frames used       : 15
  Effective Δt      : 0.50 fs
  Total trajectory  : 8 fs
  Nyquist frequency : 33356 cm⁻¹

================================================================================
  IR SPECTRUM CALCULATION
================================================================================

📊 Computing dipole autocorrelation function...
   Computed for 7 lag times
   C(0) = 1.000000 (normalized to 1)

🪟 Applying hann window function...

📏 Zero padding:
   Original points: 7
   Padded points: 28

🔄 Computing Fourier transform...
   Frequency range: 0 - 4171.2 cm⁻¹
   Frequency resolution: 379.20 cm⁻¹
   Number of points: 11

🎯 Found 1 peaks above threshold 0.05:

   Frequency (cm⁻¹)     Intensity       Assignment          
   ------------------------------------------------------------
   2275.2               1.000           C≡C, C≡N stretch    
  Trajectory 3/3 spectrum computed  (15 frames)

🎯 Found 1 peaks above threshold 0.05:

   Frequency (cm⁻¹)     Intensity       Assignment          
   ------------------------------------------------------------
   1896.0               1.000           C≡C, C≡N stretch    

======================================================================
  IR SPECTRUM via DIPOLE ACF + FFT
======================================================================
  Frames used       : 15
  Effective Δt      : 0.50 fs
  Total trajectory  : 8 fs
  Nyquist frequency : 33356 cm⁻¹

================================================================================
  IR SPECTRUM CALCULATION
================================================================================

📊 Computing dipole autocorrelation function...
   Computed for 7 lag times
   C(0) = 1.000000 (normalized to 1)

🪟 Applying hann window function...

📏 Zero padding:
   Original points: 7
   Padded points: 28

🔄 Computing Fourier transform...
   Frequency range: 0 - 4171.2 cm⁻¹
   Frequency resolution: 379.20 cm⁻¹
   Number of points: 11

🎯 Found 1 peaks above threshold 0.05:

   Frequency (cm⁻¹)     Intensity       Assignment          
   ------------------------------------------------------------
   2275.2               1.000           C≡C, C≡N stretch    

  Spectrum CSV saved : outputs/nm_pes_stability_test/syn_trans_2000K/ir_spectrum.csv
  Points             : 11
  Frequency range    : 379.2 – 4171.2 cm⁻¹

  IR spectrum figure  : outputs/nm_pes_stability_test/syn_trans_2000K/ir_spectrum_clean.png

  Diagnostic figure  : skipped (multi-trajectory mode — see traj_*.xyz)

======================================================================
  IR WORKFLOW COMPLETE
======================================================================
  Molecule           : C₄H₆O₂  –  methyl vinyl ketone oxide (MVKO)
  Trajectory XYZ     : outputs/nm_pes_stability_test/syn_trans_2000K/traj_01.xyz
  Spectrum CSV       : outputs/nm_pes_stability_test/syn_trans_2000K/ir_spectrum.csv
  Spectrum figure    : outputs/nm_pes_stability_test/syn_trans_2000K/ir_spectrum_clean.png
  Diagnostic figure  : outputs/nm_pes_stability_test/syn_trans_2000K/ir_spectrum_figure.png
  Summary JSON       : outputs/nm_pes_stability_test/syn_trans_2000K/ir_summary.json

  ML-PES harmonic frequencies (cm⁻¹):
    Mode  1:     38.3 cm⁻¹   ZPE = 0.055 kcal/mol
    Mode  2:    119.5 cm⁻¹   ZPE = 0.171 kcal/mol
    Mode  3:    250.0 cm⁻¹   ZPE = 0.357 kcal/mol
    Mode  4:    288.4 cm⁻¹   ZPE = 0.412 kcal/mol
    Mode  5:    359.2 cm⁻¹   ZPE = 0.514 kcal/mol
    Mode  6:    448.1 cm⁻¹   ZPE = 0.641 kcal/mol
    Mode  7:    497.4 cm⁻¹   ZPE = 0.711 kcal/mol
    Mode  8:    609.8 cm⁻¹   ZPE = 0.872 kcal/mol
    Mode  9:    693.1 cm⁻¹   ZPE = 0.991 kcal/mol
    Mode 10:    823.9 cm⁻¹   ZPE = 1.178 kcal/mol
    Mode 11:    982.5 cm⁻¹   ZPE = 1.405 kcal/mol
    Mode 12:    989.8 cm⁻¹   ZPE = 1.415 kcal/mol
    Mode 13:   1037.4 cm⁻¹   ZPE = 1.483 kcal/mol
    Mode 14:   1062.1 cm⁻¹   ZPE = 1.518 kcal/mol
    Mode 15:   1066.5 cm⁻¹   ZPE = 1.525 kcal/mol
    Mode 16:   1098.6 cm⁻¹   ZPE = 1.571 kcal/mol
    Mode 17:   1327.6 cm⁻¹   ZPE = 1.898 kcal/mol
    Mode 18:   1370.1 cm⁻¹   ZPE = 1.959 kcal/mol
    Mode 19:   1436.8 cm⁻¹   ZPE = 2.054 kcal/mol
    Mode 20:   1471.6 cm⁻¹   ZPE = 2.104 kcal/mol
    Mode 21:   1494.8 cm⁻¹   ZPE = 2.137 kcal/mol
    Mode 22:   1526.4 cm⁻¹   ZPE = 2.182 kcal/mol
    Mode 23:   1570.9 cm⁻¹   ZPE = 2.246 kcal/mol
    Mode 24:   1730.0 cm⁻¹   ZPE = 2.473 kcal/mol
    Mode 25:   3077.1 cm⁻¹   ZPE = 4.399 kcal/mol
    Mode 26:   3144.7 cm⁻¹   ZPE = 4.496 kcal/mol
    Mode 27:   3195.7 cm⁻¹   ZPE = 4.568 kcal/mol
    Mode 28:   3212.9 cm⁻¹   ZPE = 4.593 kcal/mol
    Mode 29:   3221.4 cm⁻¹   ZPE = 4.605 kcal/mol
    Mode 30:   3286.3 cm⁻¹   ZPE = 4.698 kcal/mol

  Top IR peaks (from ACF):
     Freq (cm⁻¹)   Intensity
  ──────────────  ──────────
          1896.0      1.0000
