
======================================================================
  ML-PES IR SPECTRUM WORKFLOW
======================================================================
  ML-PES model       : outputs/anti_cis_nm_pes_20260513/mlpes_nm.pkl
  Training data      : outputs/anti_cis_nm_pes_20260513/combined_training_data.npz
  Dipole model       : (will train now)
  MD steps           : 5000  (dt=0.5 fs, save every 1)
  Temperature        : 2000.0 K
  ZPE floor init     : yes  (filter: [50, 4000] cm⁻¹)
  bakken pre-min     : yes  (max_steps=300, tol=0.005 Ha/Å)
  Trajectories       : 3
  Bond dissoc guard  : 2.0× initial length
  Output dir         : outputs/nm_pes_stability_test/anti_cis_2000K
Loaded trajectory from outputs/anti_cis_nm_pes_20260513/combined_training_data.npz (npz format)
  Frames: 300, Atoms: 12
  NMPESDriver loaded: outputs/anti_cis_nm_pes_20260513/mlpes_nm.pkl
    n_atoms=12  n_vib=30  γ=0.05  α=1e-06
    LOO-CV RMSE: 0.2426 kcal/mol
    Bond wall: 5 heavy-atom bonds, cutoff=1.60×d_eq, k=1.0 Ha/Å²
      C0-O1: d_eq=1.276Å, d_cut=2.041Å
      C0-C3: d_eq=1.440Å, d_cut=2.305Å
      C0-C5: d_eq=1.498Å, d_cut=2.396Å
      O1-O2: d_eq=1.345Å, d_cut=2.151Å
      C3-C4: d_eq=1.346Å, d_cut=2.153Å
  Molecule           : C₄H₆O₂  –  methyl vinyl ketone oxide (MVKO)  (12 atoms)

======================================================================
  TRAINING NM-COORDINATE DIPOLE SURFACE (NMDipoleSurface)
======================================================================
  Training frames    : 300
  Valid dipoles      : 300 (|μ| > 1e-6 D)
  |μ| range          : 3.968–5.041 D

  NMDipoleSurface.fit: 255 train / 45 test frames
  γ_center=0.0375  grid (9): ['0.000375', '0.00119', '0.00375', '0.0119', '0.0375', '0.119', '0.375', '1.19', '3.75']
  Best: γ=0.01186  α=1e-05  LOO-CV RMSE=0.0060 D
  Train RMSE: 0.0009 D
  Test  RMSE: 0.0030 D  R²=0.9997

  NM dipole model saved : outputs/nm_pes_stability_test/anti_cis_2000K/dipole_surface.pkl

  Starting geometry  : user-supplied (e.g. PSI4 equilibrium)  shape=(12, 3)

--- Using stored PSI4 NM data for ZPE init (NM-PES model) ---
  n_vib=30  freq range [119.5, 3343.0] cm⁻¹

======================================================================
  MULTI-TRAJECTORY MD  (3 trajectories)
======================================================================
  Starting geometry  : user-supplied --start-coords (all trajectories)
  Steps per trajectory           : 5000
  Temperature                    : 2000 K
  Dissociation limit             : 2.0× initial bond

  --- Trajectory 1/3  (user start_coords, E=-192150.01 kcal/mol, seed=42) ---

  ────────────────────────────────────────────────────────────
  bakken pre-minimiser  (tol=0.005 Ha/Å, max_steps=300)
    Step            E (Ha)    ΔE (kcal/mol)    |F|_max (Ha/Å)    step (Å)
  ──────  ────────────────  ───────────────  ────────────────  ──────────
       1     -306.21053122          +0.0000          0.000774     0.01000
       1     -306.21053122          +0.0000          0.000774     0.01000

  Converged in 1 steps  ΔE = +0.0000 kcal/mol  |F|_max = 0.000774 Ha/Å
  ────────────────────────────────────────────────────────────
  Pre-min geometry   : ΔE = +0.0000 kcal/mol from starting frame
  ZPE floor applied  : 24/30 modes boosted, 0 skipped (outside [50, 4000] cm⁻¹)
  ZPE init T_eff     : 2929 K  (target: 2000 K, τ=200 fs)
bakken MD:   0%|          | 0/5000 [00:00<?, ?step/s]bakken MD:   0%|          | 16/5000 [00:00<00:00, 5277.10step/s]

  Dissociation detected: atoms 3–4  d=2.845 Å (eq=1.346 Å, limit=2.692 Å).  Truncating at step 17.
    Dissociation at step 17 — 17 frames kept

  Trajectory XYZ     : outputs/nm_pes_stability_test/anti_cis_2000K/traj_01.xyz  (17 frames, 13 KB)

  Predicting dipoles for 17 frames...
Dipole prediction:   0%|          | 0/17 [00:00<?, ?it/s]Dipole prediction: 100%|██████████| 17/17 [00:00<00:00, 31775.03it/s]
    Dipole |μ|: 4.325–4.538 D  (mean 4.461 D)

  --- Trajectory 2/3  (user start_coords, E=-192150.01 kcal/mol, seed=43) ---

  ────────────────────────────────────────────────────────────
  bakken pre-minimiser  (tol=0.005 Ha/Å, max_steps=300)
    Step            E (Ha)    ΔE (kcal/mol)    |F|_max (Ha/Å)    step (Å)
  ──────  ────────────────  ───────────────  ────────────────  ──────────
       1     -306.21053122          +0.0000          0.000774     0.01000
       1     -306.21053122          +0.0000          0.000774     0.01000

  Converged in 1 steps  ΔE = +0.0000 kcal/mol  |F|_max = 0.000774 Ha/Å
  ────────────────────────────────────────────────────────────
  Pre-min geometry   : ΔE = +0.0000 kcal/mol from starting frame
  ZPE floor applied  : 17/30 modes boosted, 0 skipped (outside [50, 4000] cm⁻¹)
  ZPE init T_eff     : 3582 K  (target: 2000 K, τ=200 fs)
bakken MD:   0%|          | 0/5000 [00:00<?, ?step/s]bakken MD:   0%|          | 16/5000 [00:00<00:00, 8150.21step/s]

  Dissociation detected: atoms 0–5  d=4.143 Å (eq=1.498 Å, limit=2.995 Å).  Truncating at step 17.
    Dissociation at step 17 — 17 frames kept

  Trajectory XYZ     : outputs/nm_pes_stability_test/anti_cis_2000K/traj_02.xyz  (17 frames, 13 KB)

  Predicting dipoles for 17 frames...
Dipole prediction:   0%|          | 0/17 [00:00<?, ?it/s]Dipole prediction: 100%|██████████| 17/17 [00:00<00:00, 28961.48it/s]
    Dipole |μ|: 4.388–4.543 D  (mean 4.483 D)

  --- Trajectory 3/3  (user start_coords, E=-192150.01 kcal/mol, seed=44) ---

  ────────────────────────────────────────────────────────────
  bakken pre-minimiser  (tol=0.005 Ha/Å, max_steps=300)
    Step            E (Ha)    ΔE (kcal/mol)    |F|_max (Ha/Å)    step (Å)
  ──────  ────────────────  ───────────────  ────────────────  ──────────
       1     -306.21053122          +0.0000          0.000774     0.01000
       1     -306.21053122          +0.0000          0.000774     0.01000

  Converged in 1 steps  ΔE = +0.0000 kcal/mol  |F|_max = 0.000774 Ha/Å
  ────────────────────────────────────────────────────────────
  Pre-min geometry   : ΔE = +0.0000 kcal/mol from starting frame
  ZPE floor applied  : 22/30 modes boosted, 0 skipped (outside [50, 4000] cm⁻¹)
  ZPE init T_eff     : 2751 K  (target: 2000 K, τ=200 fs)
bakken MD:   0%|          | 0/5000 [00:00<?, ?step/s]bakken MD:   0%|          | 15/5000 [00:00<00:00, 6748.32step/s]

  Dissociation detected: atoms 3–4  d=6.057 Å (eq=1.346 Å, limit=2.692 Å).  Truncating at step 16.
    Dissociation at step 16 — 16 frames kept

  Trajectory XYZ     : outputs/nm_pes_stability_test/anti_cis_2000K/traj_03.xyz  (16 frames, 12 KB)

  Predicting dipoles for 16 frames...
Dipole prediction:   0%|          | 0/16 [00:00<?, ?it/s]Dipole prediction: 100%|██████████| 16/16 [00:00<00:00, 30531.79it/s]
/Users/jmsmith1/Documents/Research/code/MD_MLPES/ir_md_spectrum.py:878: UserWarning: Glyph 8315 (\N{SUPERSCRIPT MINUS}) missing from font(s) Arial.
  fig.savefig(output_path, dpi=200, bbox_inches='tight')
/Users/jmsmith1/Documents/Research/code/MD_MLPES/ir_md_spectrum.py:878: UserWarning: Glyph 8324 (\N{SUBSCRIPT FOUR}) missing from font(s) Arial.
  fig.savefig(output_path, dpi=200, bbox_inches='tight')
/Users/jmsmith1/Documents/Research/code/MD_MLPES/ir_md_spectrum.py:878: UserWarning: Glyph 8326 (\N{SUBSCRIPT SIX}) missing from font(s) Arial.
  fig.savefig(output_path, dpi=200, bbox_inches='tight')
/Users/jmsmith1/Documents/Research/code/MD_MLPES/ir_md_spectrum.py:878: UserWarning: Glyph 8322 (\N{SUBSCRIPT TWO}) missing from font(s) Arial.
  fig.savefig(output_path, dpi=200, bbox_inches='tight')
    Dipole |μ|: 4.482–4.636 D  (mean 4.562 D)

  Trajectories collected: 3

--- Averaging IR spectra across 3 trajectories ---

======================================================================
  IR SPECTRUM via DIPOLE ACF + FFT
======================================================================
  Frames used       : 17
  Effective Δt      : 0.50 fs
  Total trajectory  : 8 fs
  Nyquist frequency : 33356 cm⁻¹

================================================================================
  IR SPECTRUM CALCULATION
================================================================================

📊 Computing dipole autocorrelation function...
   Computed for 8 lag times
   C(0) = 1.000000 (normalized to 1)

🪟 Applying hann window function...

📏 Zero padding:
   Original points: 8
   Padded points: 32

🔄 Computing Fourier transform...
   Frequency range: 0 - 4313.4 cm⁻¹
   Frequency resolution: 331.80 cm⁻¹
   Number of points: 13

🎯 Found 1 peaks above threshold 0.05:

   Frequency (cm⁻¹)     Intensity       Assignment          
   ------------------------------------------------------------
   1990.8               1.000           C≡C, C≡N stretch    
  Trajectory 1/3 spectrum computed  (17 frames)

======================================================================
  IR SPECTRUM via DIPOLE ACF + FFT
======================================================================
  Frames used       : 17
  Effective Δt      : 0.50 fs
  Total trajectory  : 8 fs
  Nyquist frequency : 33356 cm⁻¹

================================================================================
  IR SPECTRUM CALCULATION
================================================================================

📊 Computing dipole autocorrelation function...
   Computed for 8 lag times
   C(0) = 1.000000 (normalized to 1)

🪟 Applying hann window function...

📏 Zero padding:
   Original points: 8
   Padded points: 32

🔄 Computing Fourier transform...
   Frequency range: 0 - 4313.4 cm⁻¹
   Frequency resolution: 331.80 cm⁻¹
   Number of points: 13

🎯 Found 1 peaks above threshold 0.05:

   Frequency (cm⁻¹)     Intensity       Assignment          
   ------------------------------------------------------------
   1990.8               1.000           C≡C, C≡N stretch    
  Trajectory 2/3 spectrum computed  (17 frames)

======================================================================
  IR SPECTRUM via DIPOLE ACF + FFT
======================================================================
  Frames used       : 16
  Effective Δt      : 0.50 fs
  Total trajectory  : 8 fs
  Nyquist frequency : 33356 cm⁻¹

================================================================================
  IR SPECTRUM CALCULATION
================================================================================

📊 Computing dipole autocorrelation function...
   Computed for 8 lag times
   C(0) = 1.000000 (normalized to 1)

🪟 Applying hann window function...

📏 Zero padding:
   Original points: 8
   Padded points: 32

🔄 Computing Fourier transform...
   Frequency range: 0 - 4313.4 cm⁻¹
   Frequency resolution: 331.80 cm⁻¹
   Number of points: 13

🎯 Found 1 peaks above threshold 0.05:

   Frequency (cm⁻¹)     Intensity       Assignment          
   ------------------------------------------------------------
   1990.8               1.000           C≡C, C≡N stretch    
  Trajectory 3/3 spectrum computed  (16 frames)

🎯 Found 1 peaks above threshold 0.05:

   Frequency (cm⁻¹)     Intensity       Assignment          
   ------------------------------------------------------------
   1990.8               1.000           C≡C, C≡N stretch    

======================================================================
  IR SPECTRUM via DIPOLE ACF + FFT
======================================================================
  Frames used       : 16
  Effective Δt      : 0.50 fs
  Total trajectory  : 8 fs
  Nyquist frequency : 33356 cm⁻¹

================================================================================
  IR SPECTRUM CALCULATION
================================================================================

📊 Computing dipole autocorrelation function...
   Computed for 8 lag times
   C(0) = 1.000000 (normalized to 1)

🪟 Applying hann window function...

📏 Zero padding:
   Original points: 8
   Padded points: 32

🔄 Computing Fourier transform...
   Frequency range: 0 - 4313.4 cm⁻¹
   Frequency resolution: 331.80 cm⁻¹
   Number of points: 13

🎯 Found 1 peaks above threshold 0.05:

   Frequency (cm⁻¹)     Intensity       Assignment          
   ------------------------------------------------------------
   1990.8               1.000           C≡C, C≡N stretch    

  Spectrum CSV saved : outputs/nm_pes_stability_test/anti_cis_2000K/ir_spectrum.csv
  Points             : 13
  Frequency range    : 331.8 – 4313.4 cm⁻¹

  IR spectrum figure  : outputs/nm_pes_stability_test/anti_cis_2000K/ir_spectrum_clean.png

  Diagnostic figure  : skipped (multi-trajectory mode — see traj_*.xyz)

======================================================================
  IR WORKFLOW COMPLETE
======================================================================
  Molecule           : C₄H₆O₂  –  methyl vinyl ketone oxide (MVKO)
  Trajectory XYZ     : outputs/nm_pes_stability_test/anti_cis_2000K/traj_01.xyz
  Spectrum CSV       : outputs/nm_pes_stability_test/anti_cis_2000K/ir_spectrum.csv
  Spectrum figure    : outputs/nm_pes_stability_test/anti_cis_2000K/ir_spectrum_clean.png
  Diagnostic figure  : outputs/nm_pes_stability_test/anti_cis_2000K/ir_spectrum_figure.png
  Summary JSON       : outputs/nm_pes_stability_test/anti_cis_2000K/ir_summary.json

  ML-PES harmonic frequencies (cm⁻¹):
    Mode  1:    119.5 cm⁻¹   ZPE = 0.171 kcal/mol
    Mode  2:    226.1 cm⁻¹   ZPE = 0.323 kcal/mol
    Mode  3:    298.6 cm⁻¹   ZPE = 0.427 kcal/mol
    Mode  4:    318.4 cm⁻¹   ZPE = 0.455 kcal/mol
    Mode  5:    349.8 cm⁻¹   ZPE = 0.500 kcal/mol
    Mode  6:    391.2 cm⁻¹   ZPE = 0.559 kcal/mol
    Mode  7:    412.6 cm⁻¹   ZPE = 0.590 kcal/mol
    Mode  8:    648.3 cm⁻¹   ZPE = 0.927 kcal/mol
    Mode  9:    727.9 cm⁻¹   ZPE = 1.041 kcal/mol
    Mode 10:    835.2 cm⁻¹   ZPE = 1.194 kcal/mol
    Mode 11:   1011.2 cm⁻¹   ZPE = 1.446 kcal/mol
    Mode 12:   1016.0 cm⁻¹   ZPE = 1.452 kcal/mol
    Mode 13:   1036.9 cm⁻¹   ZPE = 1.482 kcal/mol
    Mode 14:   1078.0 cm⁻¹   ZPE = 1.541 kcal/mol
    Mode 15:   1088.8 cm⁻¹   ZPE = 1.557 kcal/mol
    Mode 16:   1130.8 cm⁻¹   ZPE = 1.617 kcal/mol
    Mode 17:   1291.7 cm⁻¹   ZPE = 1.847 kcal/mol
    Mode 18:   1357.0 cm⁻¹   ZPE = 1.940 kcal/mol
    Mode 19:   1453.8 cm⁻¹   ZPE = 2.078 kcal/mol
    Mode 20:   1480.4 cm⁻¹   ZPE = 2.116 kcal/mol
    Mode 21:   1508.1 cm⁻¹   ZPE = 2.156 kcal/mol
    Mode 22:   1518.4 cm⁻¹   ZPE = 2.171 kcal/mol
    Mode 23:   1580.7 cm⁻¹   ZPE = 2.260 kcal/mol
    Mode 24:   1692.6 cm⁻¹   ZPE = 2.420 kcal/mol
    Mode 25:   3072.3 cm⁻¹   ZPE = 4.392 kcal/mol
    Mode 26:   3138.7 cm⁻¹   ZPE = 4.487 kcal/mol
    Mode 27:   3185.2 cm⁻¹   ZPE = 4.553 kcal/mol
    Mode 28:   3191.0 cm⁻¹   ZPE = 4.562 kcal/mol
    Mode 29:   3201.3 cm⁻¹   ZPE = 4.577 kcal/mol
    Mode 30:   3343.0 cm⁻¹   ZPE = 4.779 kcal/mol

  Top IR peaks (from ACF):
     Freq (cm⁻¹)   Intensity
  ──────────────  ──────────
          1990.8      1.0000
