
======================================================================
  ML-PES IR SPECTRUM WORKFLOW
======================================================================
  ML-PES model       : outputs/anti_trans_nm_pes_20260421/mlpes_nm.pkl
  Training data      : outputs/anti_trans_dipoles_20260421/training_with_dipoles.npz
  Dipole model       : (will train now)
  MD steps           : 30000  (dt=0.5 fs, save every 1)
  Temperature        : 300.0 K
  ZPE floor init     : yes  (filter: [50, 4000] cm⁻¹)
  bakken pre-min     : no
  Trajectories       : 5
  Bond dissoc guard  : 1.4× initial length
  Output dir         : outputs/mvko_anti_trans_ir_softwall_300K
Loaded trajectory from outputs/anti_trans_dipoles_20260421/training_with_dipoles.npz (npz format)
  Frames: 112, Atoms: 12
  NMPESDriver loaded: outputs/anti_trans_nm_pes_20260421/mlpes_nm.pkl
    n_atoms=12  n_vib=30  γ=0.1  α=1e-07
    LOO-CV RMSE: 1.0786 kcal/mol
    Bond wall: 5 heavy-atom bonds, cutoff=1.40×d_eq, k=2.0 Ha/Å²
      C0-O1: d_eq=1.275Å, d_cut=1.785Å
      C0-C3: d_eq=1.447Å, d_cut=2.026Å
      C0-C5: d_eq=1.493Å, d_cut=2.090Å
      O1-O2: d_eq=1.344Å, d_cut=1.881Å
      C3-C4: d_eq=1.338Å, d_cut=1.873Å
  Molecule           : C₄H₆O₂  –  methyl vinyl ketone oxide (MVKO)  (12 atoms)

======================================================================
  TRAINING ML DIPOLE SURFACE
======================================================================
  Training frames    : 112
  Valid dipoles      : 112 (|μ| > 1e-6 D)
  Dipole range (D)   : μx [-5.038, -4.043]  μy [1.730, 1.979]  μz [-0.314, 0.314]

================================================================================
  TRAINING DIPOLE MOMENT SURFACE
================================================================================

📊 Computing descriptors for 112 configurations...
   Descriptor shape: (112, 78)
   Dipole shape: (112, 3)

📂 Data split:
   Training: 89 samples
   Testing: 23 samples

⚙️  Scaling data...

🔍 Hyperparameter optimization...
   Best parameters: {'alpha': 1e-05, 'gamma': 0.001, 'kernel': 'rbf'}

📊 Training Results:
   Training RMSE (μx, μy, μz): 0.0001, 0.0001, 0.0002 Debye
   Testing RMSE (μx, μy, μz):  0.0186, 0.0193, 0.0226 Debye
   Training RMSE (total): 0.0001 Debye
   Testing RMSE (total):  0.0203 Debye
   R² (train): 0.999997
   R² (test):  0.871641
✅ Dipole surface saved: outputs/mvko_anti_trans_ir_softwall_300K/dipole_surface.pkl

  Dipole model saved : outputs/mvko_anti_trans_ir_softwall_300K/dipole_surface.pkl

  Starting geometry  : user-supplied (e.g. PSI4 equilibrium)  shape=(12, 3)

--- Using stored PSI4 NM data for ZPE init (NM-PES model) ---
  n_vib=30  freq range [117.2, 3280.7] cm⁻¹

======================================================================
  MULTI-TRAJECTORY MD  (5 trajectories)
======================================================================
  Starting geometry  : user-supplied --start-coords (all trajectories)
  Steps per trajectory           : 30000
  Temperature                    : 300 K
  Dissociation limit             : 1.4× initial bond

  --- Trajectory 1/5  (user start_coords, E=-192149.52 kcal/mol, seed=42) ---
  ZPE floor applied  : 30/30 modes boosted, 0 skipped (outside [50, 4000] cm⁻¹)
  ZPE init T_eff     : 2043 K  (target: 300 K, τ=200 fs)

  Dissociation detected: atoms 3–4  d=2.291 Å (eq=1.338 Å, limit=1.806 Å).  Truncating at step 23.
    Dissociation at step 23 — 23 frames kept

  Trajectory XYZ     : outputs/mvko_anti_trans_ir_softwall_300K/traj_01.xyz  (23 frames, 17 KB)

  Predicting dipoles for 23 frames...
    Dipole |μ|: 4.676–4.922 D  (mean 4.813 D)

  --- Trajectory 2/5  (user start_coords, E=-192149.52 kcal/mol, seed=43) ---
  ZPE floor applied  : 27/30 modes boosted, 0 skipped (outside [50, 4000] cm⁻¹)
  ZPE init T_eff     : 2013 K  (target: 300 K, τ=200 fs)

  Dissociation detected: atoms 0–3  d=2.346 Å (eq=1.447 Å, limit=1.954 Å).  Truncating at step 16.
    Dissociation at step 16 — 16 frames kept

  Trajectory XYZ     : outputs/mvko_anti_trans_ir_softwall_300K/traj_02.xyz  (16 frames, 12 KB)

  Predicting dipoles for 16 frames...
    Dipole |μ|: 4.799–4.986 D  (mean 4.903 D)

  --- Trajectory 3/5  (user start_coords, E=-192149.52 kcal/mol, seed=44) ---
  ZPE floor applied  : 28/30 modes boosted, 0 skipped (outside [50, 4000] cm⁻¹)
  ZPE init T_eff     : 2005 K  (target: 300 K, τ=200 fs)

  Dissociation detected: atoms 0–3  d=2.674 Å (eq=1.447 Å, limit=1.954 Å).  Truncating at step 19.
    Dissociation at step 19 — 19 frames kept

  Trajectory XYZ     : outputs/mvko_anti_trans_ir_softwall_300K/traj_03.xyz  (19 frames, 14 KB)

  Predicting dipoles for 19 frames...
    Dipole |μ|: 4.801–5.008 D  (mean 4.899 D)

  --- Trajectory 4/5  (user start_coords, E=-192149.52 kcal/mol, seed=45) ---
  ZPE floor applied  : 28/30 modes boosted, 0 skipped (outside [50, 4000] cm⁻¹)
  ZPE init T_eff     : 2058 K  (target: 300 K, τ=200 fs)

  Dissociation detected: atoms 0–3  d=2.964 Å (eq=1.447 Å, limit=1.954 Å).  Truncating at step 15.
    Dissociation at step 15 — 15 frames kept

  Trajectory XYZ     : outputs/mvko_anti_trans_ir_softwall_300K/traj_04.xyz  (15 frames, 11 KB)

  Predicting dipoles for 15 frames...
    Dipole |μ|: 4.857–5.011 D  (mean 4.932 D)

  --- Trajectory 5/5  (user start_coords, E=-192149.52 kcal/mol, seed=46) ---
  ZPE floor applied  : 27/30 modes boosted, 0 skipped (outside [50, 4000] cm⁻¹)
  ZPE init T_eff     : 2051 K  (target: 300 K, τ=200 fs)

  Dissociation detected: atoms 3–4  d=2.125 Å (eq=1.338 Å, limit=1.806 Å).  Truncating at step 16.
    Dissociation at step 16 — 16 frames kept

  Trajectory XYZ     : outputs/mvko_anti_trans_ir_softwall_300K/traj_05.xyz  (16 frames, 12 KB)

  Predicting dipoles for 16 frames...
    Dipole |μ|: 4.755–4.922 D  (mean 4.878 D)

  Trajectories collected: 5

--- Averaging IR spectra across 5 trajectories ---

======================================================================
  IR SPECTRUM via DIPOLE ACF + FFT
======================================================================
  Frames used       : 23
  Effective Δt      : 0.50 fs
  Total trajectory  : 12 fs
  Nyquist frequency : 33356 cm⁻¹

================================================================================
  IR SPECTRUM CALCULATION
================================================================================

📊 Computing dipole autocorrelation function...
   Computed for 11 lag times
   C(0) = 1.000000 (normalized to 1)

🪟 Applying hann window function...

📏 Zero padding:
   Original points: 11
   Padded points: 44

🔄 Computing Fourier transform...
   Frequency range: 0 - 4343.6 cm⁻¹
   Frequency resolution: 241.31 cm⁻¹
   Number of points: 18

🎯 Found 1 peaks above threshold 0.05:

   Frequency (cm⁻¹)     Intensity       Assignment          
   ------------------------------------------------------------
   1447.9               1.000           C-H bend            
  Trajectory 1/5 spectrum computed  (23 frames)

======================================================================
  IR SPECTRUM via DIPOLE ACF + FFT
======================================================================
  Frames used       : 16
  Effective Δt      : 0.50 fs
  Total trajectory  : 8 fs
  Nyquist frequency : 33356 cm⁻¹

================================================================================
  IR SPECTRUM CALCULATION
================================================================================

📊 Computing dipole autocorrelation function...
   Computed for 8 lag times
   C(0) = 1.000000 (normalized to 1)

🪟 Applying hann window function...

📏 Zero padding:
   Original points: 8
   Padded points: 32

🔄 Computing Fourier transform...
   Frequency range: 0 - 4313.4 cm⁻¹
   Frequency resolution: 331.80 cm⁻¹
   Number of points: 13

🎯 Found 1 peaks above threshold 0.05:

   Frequency (cm⁻¹)     Intensity       Assignment          
   ------------------------------------------------------------
   1990.8               1.000           C≡C, C≡N stretch    
  Trajectory 2/5 spectrum computed  (16 frames)

======================================================================
  IR SPECTRUM via DIPOLE ACF + FFT
======================================================================
  Frames used       : 19
  Effective Δt      : 0.50 fs
  Total trajectory  : 10 fs
  Nyquist frequency : 33356 cm⁻¹

================================================================================
  IR SPECTRUM CALCULATION
================================================================================

📊 Computing dipole autocorrelation function...
   Computed for 9 lag times
   C(0) = 1.000000 (normalized to 1)

🪟 Applying hann window function...

📏 Zero padding:
   Original points: 9
   Padded points: 36

🔄 Computing Fourier transform...
   Frequency range: 0 - 4424.0 cm⁻¹
   Frequency resolution: 294.94 cm⁻¹
   Number of points: 15

🎯 Found 1 peaks above threshold 0.05:

   Frequency (cm⁻¹)     Intensity       Assignment          
   ------------------------------------------------------------
   1769.6               1.000           C=C, C=O stretch    
  Trajectory 3/5 spectrum computed  (19 frames)

======================================================================
  IR SPECTRUM via DIPOLE ACF + FFT
======================================================================
  Frames used       : 15
  Effective Δt      : 0.50 fs
  Total trajectory  : 8 fs
  Nyquist frequency : 33356 cm⁻¹

================================================================================
  IR SPECTRUM CALCULATION
================================================================================

📊 Computing dipole autocorrelation function...
   Computed for 7 lag times
   C(0) = 1.000000 (normalized to 1)

🪟 Applying hann window function...

📏 Zero padding:
   Original points: 7
   Padded points: 28

🔄 Computing Fourier transform...
   Frequency range: 0 - 4171.2 cm⁻¹
   Frequency resolution: 379.20 cm⁻¹
   Number of points: 11

🎯 Found 1 peaks above threshold 0.05:

   Frequency (cm⁻¹)     Intensity       Assignment          
   ------------------------------------------------------------
   2275.2               1.000           C≡C, C≡N stretch    
  Trajectory 4/5 spectrum computed  (15 frames)

======================================================================
  IR SPECTRUM via DIPOLE ACF + FFT
======================================================================
  Frames used       : 16
  Effective Δt      : 0.50 fs
  Total trajectory  : 8 fs
  Nyquist frequency : 33356 cm⁻¹

================================================================================
  IR SPECTRUM CALCULATION
================================================================================

📊 Computing dipole autocorrelation function...
   Computed for 8 lag times
   C(0) = 1.000000 (normalized to 1)

🪟 Applying hann window function...

📏 Zero padding:
   Original points: 8
   Padded points: 32

🔄 Computing Fourier transform...
   Frequency range: 0 - 4313.4 cm⁻¹
   Frequency resolution: 331.80 cm⁻¹
   Number of points: 13

🎯 Found 0 peaks above threshold 0.05:

   Frequency (cm⁻¹)     Intensity       Assignment          
   ------------------------------------------------------------
  Trajectory 5/5 spectrum computed  (16 frames)

🎯 Found 1 peaks above threshold 0.05:

   Frequency (cm⁻¹)     Intensity       Assignment          
   ------------------------------------------------------------
   1659.0               1.000           C=C, C=O stretch    

======================================================================
  IR SPECTRUM via DIPOLE ACF + FFT
======================================================================
  Frames used       : 16
  Effective Δt      : 0.50 fs
  Total trajectory  : 8 fs
  Nyquist frequency : 33356 cm⁻¹

================================================================================
  IR SPECTRUM CALCULATION
================================================================================

📊 Computing dipole autocorrelation function...
   Computed for 8 lag times
   C(0) = 1.000000 (normalized to 1)

🪟 Applying hann window function...

📏 Zero padding:
   Original points: 8
   Padded points: 32

🔄 Computing Fourier transform...
   Frequency range: 0 - 4313.4 cm⁻¹
   Frequency resolution: 331.80 cm⁻¹
   Number of points: 13

🎯 Found 0 peaks above threshold 0.05:

   Frequency (cm⁻¹)     Intensity       Assignment          
   ------------------------------------------------------------

  Spectrum CSV saved : outputs/mvko_anti_trans_ir_softwall_300K/ir_spectrum.csv
  Points             : 13
  Frequency range    : 331.8 – 4313.4 cm⁻¹

  IR spectrum figure  : outputs/mvko_anti_trans_ir_softwall_300K/ir_spectrum_clean.png

  Diagnostic figure  : skipped (multi-trajectory mode — see traj_*.xyz)

======================================================================
  IR WORKFLOW COMPLETE
======================================================================
  Molecule           : C₄H₆O₂  –  methyl vinyl ketone oxide (MVKO)
  Trajectory XYZ     : outputs/mvko_anti_trans_ir_softwall_300K/traj_01.xyz
  Spectrum CSV       : outputs/mvko_anti_trans_ir_softwall_300K/ir_spectrum.csv
  Spectrum figure    : outputs/mvko_anti_trans_ir_softwall_300K/ir_spectrum_clean.png
  Diagnostic figure  : outputs/mvko_anti_trans_ir_softwall_300K/ir_spectrum_figure.png
  Summary JSON       : outputs/mvko_anti_trans_ir_softwall_300K/ir_summary.json

  ML-PES harmonic frequencies (cm⁻¹):
    Mode  1:    117.2 cm⁻¹   ZPE = 0.167 kcal/mol
    Mode  2:    161.8 cm⁻¹   ZPE = 0.231 kcal/mol
    Mode  3:    251.8 cm⁻¹   ZPE = 0.360 kcal/mol
    Mode  4:    278.6 cm⁻¹   ZPE = 0.398 kcal/mol
    Mode  5:    327.9 cm⁻¹   ZPE = 0.469 kcal/mol
    Mode  6:    396.2 cm⁻¹   ZPE = 0.566 kcal/mol
    Mode  7:    481.8 cm⁻¹   ZPE = 0.689 kcal/mol
    Mode  8:    647.2 cm⁻¹   ZPE = 0.925 kcal/mol
    Mode  9:    731.6 cm⁻¹   ZPE = 1.046 kcal/mol
    Mode 10:    804.6 cm⁻¹   ZPE = 1.150 kcal/mol
    Mode 11:    991.2 cm⁻¹   ZPE = 1.417 kcal/mol
    Mode 12:   1007.4 cm⁻¹   ZPE = 1.440 kcal/mol
    Mode 13:   1042.1 cm⁻¹   ZPE = 1.490 kcal/mol
    Mode 14:   1058.8 cm⁻¹   ZPE = 1.514 kcal/mol
    Mode 15:   1081.1 cm⁻¹   ZPE = 1.546 kcal/mol
    Mode 16:   1108.3 cm⁻¹   ZPE = 1.584 kcal/mol
    Mode 17:   1304.9 cm⁻¹   ZPE = 1.865 kcal/mol
    Mode 18:   1384.8 cm⁻¹   ZPE = 1.980 kcal/mol
    Mode 19:   1454.6 cm⁻¹   ZPE = 2.079 kcal/mol
    Mode 20:   1481.0 cm⁻¹   ZPE = 2.117 kcal/mol
    Mode 21:   1496.1 cm⁻¹   ZPE = 2.139 kcal/mol
    Mode 22:   1499.4 cm⁻¹   ZPE = 2.143 kcal/mol
    Mode 23:   1575.6 cm⁻¹   ZPE = 2.252 kcal/mol
    Mode 24:   1721.8 cm⁻¹   ZPE = 2.461 kcal/mol
    Mode 25:   3072.5 cm⁻¹   ZPE = 4.392 kcal/mol
    Mode 26:   3139.7 cm⁻¹   ZPE = 4.488 kcal/mol
    Mode 27:   3188.9 cm⁻¹   ZPE = 4.559 kcal/mol
    Mode 28:   3189.9 cm⁻¹   ZPE = 4.560 kcal/mol
    Mode 29:   3261.3 cm⁻¹   ZPE = 4.662 kcal/mol
    Mode 30:   3280.7 cm⁻¹   ZPE = 4.690 kcal/mol

  Top IR peaks (from ACF):
     Freq (cm⁻¹)   Intensity
  ──────────────  ──────────
          1659.0      1.0000

bakken MD:   0%|          | 0/30000 [00:00<?, ?step/s]
bakken MD:   0%|          | 22/30000 [00:00<00:04, 6014.12step/s]

Dipole prediction:   0%|          | 0/23 [00:00<?, ?it/s]
Dipole prediction: 100%|██████████| 23/23 [00:00<00:00, 1686.73it/s]

bakken MD:   0%|          | 0/30000 [00:00<?, ?step/s]
bakken MD:   0%|          | 15/30000 [00:00<00:04, 7129.13step/s]

Dipole prediction:   0%|          | 0/16 [00:00<?, ?it/s]
Dipole prediction: 100%|██████████| 16/16 [00:00<00:00, 1796.76it/s]

bakken MD:   0%|          | 0/30000 [00:00<?, ?step/s]
bakken MD:   0%|          | 18/30000 [00:00<00:04, 6622.59step/s]

Dipole prediction:   0%|          | 0/19 [00:00<?, ?it/s]
Dipole prediction: 100%|██████████| 19/19 [00:00<00:00, 1799.44it/s]

bakken MD:   0%|          | 0/30000 [00:00<?, ?step/s]
bakken MD:   0%|          | 14/30000 [00:00<00:04, 7272.76step/s]

Dipole prediction:   0%|          | 0/15 [00:00<?, ?it/s]
Dipole prediction: 100%|██████████| 15/15 [00:00<00:00, 1695.49it/s]

bakken MD:   0%|          | 0/30000 [00:00<?, ?step/s]
bakken MD:   0%|          | 15/30000 [00:00<00:04, 6622.59step/s]

Dipole prediction:   0%|          | 0/16 [00:00<?, ?it/s]
Dipole prediction: 100%|██████████| 16/16 [00:00<00:00, 1731.98it/s]
/Users/jmsmith1/Documents/Research/code/MD_MLPES/ir_md_spectrum.py:835: UserWarning: Glyph 8315 (\N{SUPERSCRIPT MINUS}) missing from font(s) Arial.
  fig.savefig(output_path, dpi=200, bbox_inches='tight')
/Users/jmsmith1/Documents/Research/code/MD_MLPES/ir_md_spectrum.py:835: UserWarning: Glyph 8324 (\N{SUBSCRIPT FOUR}) missing from font(s) Arial.
  fig.savefig(output_path, dpi=200, bbox_inches='tight')
/Users/jmsmith1/Documents/Research/code/MD_MLPES/ir_md_spectrum.py:835: UserWarning: Glyph 8326 (\N{SUBSCRIPT SIX}) missing from font(s) Arial.
  fig.savefig(output_path, dpi=200, bbox_inches='tight')
/Users/jmsmith1/Documents/Research/code/MD_MLPES/ir_md_spectrum.py:835: UserWarning: Glyph 8322 (\N{SUBSCRIPT TWO}) missing from font(s) Arial.
  fig.savefig(output_path, dpi=200, bbox_inches='tight')


